******************************************************************************
                  TI ARM Linker PC v18.12.4                    
******************************************************************************
>> Linked Mon Jun  8 22:55:04 2020

OUTPUT FILE NAME:   <lab4.out>
ENTRY POINT SYMBOL: "_c_int00_noargs"  address: 2000f025


MEMORY CONFIGURATION

         name            origin    length      used     unused   attr    fill
----------------------  --------  ---------  --------  --------  ----  --------
  SRAM_CODE             20004000   00013000  0000c62a  000069d6  RW X
  SRAM_DATA             20017000   00019000  000092d6  0000fd2a  RW X


SEGMENT ALLOCATION MAP

run origin  load origin   length   init length attrs members
----------  ----------- ---------- ----------- ----- -------
20004000    20004000    0000c630   0000c630    r-x
  20004000    20004000    00000400   00000400    r-- .intvecs
  20004400    20004400    0000b6a2   0000b6a2    r-x .text
  2000faa4    2000faa4    00000b20   00000b20    r-- .const
  200105c8    200105c8    00000068   00000068    r-- .cinit
20017000    20017000    000082d8   00000000    rw-
  20017000    20017000    00008000   00000000    rw- .sysmem
  2001f000    2001f000    0000021a   00000000    rw- .bss
  2001f21c    2001f21c    000000bc   00000000    rw- .data
2002f000    2002f000    00001000   00000000    rw-
  2002f000    2002f000    00001000   00000000    rw- .stack


SECTION ALLOCATION MAP

 output                                  attributes/
section   page    origin      length       input sections
--------  ----  ----------  ----------   ----------------
.intvecs   0    20004000    00000400     
                  20004000    00000400     startup_ccs.obj (.intvecs)

.init_array 
*          0    20004000    00000000     UNINITIALIZED

.text      0    20004400    0000b6a2     
                  20004400    000021e8     main.obj (.text)
                  200065e8    00000acc     Adafruit_GFX.obj (.text)
                  200070b4    00000a4e     rtsv7M4_T_le_v4SPD16_eabi.lib : _printfi.c.obj (.text:__TI_printfi)
                  20007b02    00000002     driverlib.a : interrupt.obj (.text:IntDefaultHandler)
                  20007b04    00000590     simplelink.a : driver.obj (.text:_SlDrvMsgRead)
                  20008094    00000544     test.obj (.text)
                  200085d8    0000047a     Adafruit_OLED.obj (.text)
                  20008a52    00000002     rtsv7M4_T_le_v4SPD16_eabi.lib : _lock.c.obj (.text:_nop)
                  20008a54    00000398     gpio_if.obj (.text)
                  20008dec    000002b4     i2c_if.obj (.text)
                  200090a0    00000280     simplelink.a : wlan.obj (.text:sl_WlanConnect)
                  20009320    00000280     uart_if.obj (.text)
                  200095a0    00000270     rtsv7M4_T_le_v4SPD16_eabi.lib : _printfi.c.obj (.text:_pconv_a)
                  20009810    00000248     simplelink.a : driver.obj (.text:_SlDrvRxHdrRead)
                  20009a58    000001e4                  : driver.obj (.text:_SlDrvDataReadOp)
                  20009c3c    000001d0                  : driver.obj (.text:_SlDrvReleasePoolObj)
                  20009e0c    000001d0     rtsv7M4_T_le_v4SPD16_eabi.lib : _printfi.c.obj (.text:_pconv_g)
                  20009fdc    000001b6                                   : fd_add_t2.asm.obj (.text)
                  2000a192    00000002                                   : div0.asm.obj (.text)
                  2000a194    000001b4     simplelink.a : driver.obj (.text:_SlDrvDriverCBInit)
                  2000a348    0000019c                  : driver.obj (.text:_SlDrvMsgWrite)
                  2000a4e4    00000190                  : driver.obj (.text:_SlDrvWaitForPoolObj)
                  2000a674    0000018c                  : socket.obj (.text:sl_Connect)
                  2000a800    00000178     driverlib.a : prcm.obj (.text:PRCMCC3200MCUInit)
                  2000a978    00000170     simplelink.a : driver.obj (.text:_SlFindAndSetActiveObj)
                  2000aae8    00000150                  : driver.obj (.text:_SlDrvDataWriteOp)
                  2000ac38    00000148     pin_mux_config.obj (.text)
                  2000ad80    00000148     simplelink.a : cc_pal.obj (.text:spi_Open)
                  2000aec8    00000144                  : driver.obj (.text:_SlDrvMsgReadCmdCtx)
                  2000b00c    00000144                  : netapp.obj (.text:sl_NetAppDnsGetHostByName)
                  2000b150    0000013c     rtsv7M4_T_le_v4SPD16_eabi.lib : _printfi.c.obj (.text:_pconv_e)
                  2000b28c    00000136                                   : fd_div_t2.asm.obj (.text)
                  2000b3c2    00000002     --HOLE-- [fill = 0]
                  2000b3c4    00000134     simplelink.a : socket.obj (.text:sl_Send)
                  2000b4f8    00000130                  : driver.obj (.text:_SlDrvDriverCBDeinit)
                  2000b628    00000124     rtsv7M4_T_le_v4SPD16_eabi.lib : _printfi.c.obj (.text:fcvt)
                  2000b74c    00000118                                   : memory.c.obj (.text:aligned_alloc)
                  2000b864    00000110                                   : s_scalbn.c.obj (.text:scalbn)
                  2000b974    00000110                                   : strtoul.c.obj (.text:strtoul)
                  2000ba84    00000104     simplelink.a : netapp.obj (.text:_SlDrvNetAppEventHandler)
                  2000bb88    000000fc     rtsv7M4_T_le_v4SPD16_eabi.lib : fd_mul_t2.asm.obj (.text)
                  2000bc84    000000f0     simplelink.a : device.obj (.text:sl_Start)
                  2000bd74    000000f0                  : device.obj (.text:sl_Stop)
                  2000be64    000000f0                  : cc_pal.obj (.text:spi_Read)
                  2000bf54    000000f0     driverlib.a : udma.obj (.text:uDMAChannelTransferSet)
                  2000c044    000000e8     simplelink.a : driver.obj (.text:_SlAsyncEventGenericHandler)
                  2000c12c    000000e8                  : driver.obj (.text:_SlDrvMsgReadSpawnCtx)
                  2000c214    000000e8     rtsv7M4_T_le_v4SPD16_eabi.lib : memory.c.obj (.text:realloc)
                  2000c2fc    000000e4                                   : memory.c.obj (.text:free)
                  2000c3e0    000000e4     simplelink.a : netapp.obj (.text:sl_NetAppMDNSRegisterUnregisterService)
                  2000c4c4    000000dc                  : driver.obj (.text:_SlDrvClassifyRxMsg)
                  2000c5a0    000000cc                  : netapp.obj (.text:_sl_HandleAsync_DnsGetHostByService)
                  2000c66c    000000cc                  : device.obj (.text:sl_DevGet)
                  2000c738    000000c4                  : driver.obj (.text:_SlRemoveFromList)
                  2000c7fc    000000c0                  : driver.obj (.text:_SlDrvCmdOp)
                  2000c8bc    000000b1     rtsv7M4_T_le_v4SPD16_eabi.lib : _printfi.c.obj (.text:_ltostr)
                  2000c96d    00000003     --HOLE-- [fill = 0]
                  2000c970    000000b0     simplelink.a : nonos.obj (.text:_SlNonOsSemGet)
                  2000ca20    000000a8     driverlib.a : interrupt.obj (.text:IntDisable)
                  2000cac8    000000a8                 : interrupt.obj (.text:IntEnable)
                  2000cb70    000000a4     simplelink.a : driver.obj (.text:_SlDriverHandleError)
                  2000cc14    000000a0     driverlib.a : spi.obj (.text:SPIConfigSetExpClk)
                  2000ccb4    000000a0     simplelink.a : socket.obj (.text:sl_Recv)
                  2000cd54    0000009c     rtsv7M4_T_le_v4SPD16_eabi.lib : memcpy_t2.asm.obj (.text)
                  2000cdf0    0000009a     simplelink.a : device.obj (.text:_SlDrvDeviceEventHandler)
                  2000ce8a    00000002     --HOLE-- [fill = 0]
                  2000ce8c    00000098                  : device.obj (.text:sl_DevSet)
                  2000cf24    00000098                  : netcfg.obj (.text:sl_NetCfgSet)
                  2000cfbc    00000098                  : socket.obj (.text:sl_SetSockOpt)
                  2000d054    00000098                  : wlan.obj (.text:sl_WlanSet)
                  2000d0ec    00000098                  : cc_pal.obj (.text:spi_Write)
                  2000d184    00000096     rtsv7M4_T_le_v4SPD16_eabi.lib : ull_div_t2.asm.obj (.text)
                  2000d21a    00000002     --HOLE-- [fill = 0]
                  2000d21c    00000094     driverlib.a : prcm.obj (.text:PRCMPeripheralClockGet)
                  2000d2b0    00000090     simplelink.a : netapp.obj (.text:_sl_HandleAsync_DnsGetHostByName)
                  2000d340    00000090                  : netapp.obj (.text:_sl_HandleAsync_PingResponse)
                  2000d3d0    00000090                  : wlan.obj (.text:sl_WlanPolicySet)
                  2000d460    0000008c                  : cc_pal.obj (.text:SetupDMAReceive)
                  2000d4ec    0000008c                  : cc_pal.obj (.text:SetupDMASend)
                  2000d578    0000008c                  : driver.obj (.text:_SlDrvIsTimeoutExpired)
                  2000d604    0000008c                  : device.obj (.text:_sl_HandleAsync_InitComplete)
                  2000d690    0000008c                  : socket.obj (.text:sl_Socket)
                  2000d71c    00000088     driverlib.a : pin.obj (.text:PinConfigSet)
                  2000d7a4    00000086     rtsv7M4_T_le_v4SPD16_eabi.lib : fd_cmp_t2.asm.obj (.text:__aeabi_cdcmple)
                  2000d82a    00000086                                   : fd_cmp_t2.asm.obj (.text:__aeabi_cdrcmple)
                  2000d8b0    00000084     driverlib.a : i2c.obj (.text:I2CMasterInitExpClk)
                  2000d934    00000084     simplelink.a : cc_pal.obj (.text:NwpPowerOnPreamble)
                  2000d9b8    00000084                  : wlan.obj (.text:sl_WlanRxFilterSet)
                  2000da3c    00000082     driverlib.a : gpio.obj (.text:GPIOIntTypeSet)
                  2000dabe    00000002     --HOLE-- [fill = 0]
                  2000dac0    00000080     simplelink.a : socket.obj (.text:_sl_HandleAsync_Connect)
                  2000db40    00000080                  : cc_pal.obj (.text:spi_Read_CPU)
                  2000dbc0    00000080                  : cc_pal.obj (.text:spi_Write_CPU)
                  2000dc40    0000007a     rtsv7M4_T_le_v4SPD16_eabi.lib : memset_t2.asm.obj (.text)
                  2000dcba    00000002     --HOLE-- [fill = 0]
                  2000dcbc    00000078     simplelink.a : cc_pal.obj (.text:spi_Close)
                  2000dd34    00000076     driverlib.a : uart.obj (.text:UARTConfigSetExpClk)
                  2000ddaa    00000002     --HOLE-- [fill = 0]
                  2000ddac    00000074     simplelink.a : nonos.obj (.text:_SlNonOsMainLoopTask)
                  2000de20    00000070     rtsv7M4_T_le_v4SPD16_eabi.lib : memory.c.obj (.text:split)
                  2000de90    0000006e                                   : _printfi.c.obj (.text:_mcpy)
                  2000defe    00000002     --HOLE-- [fill = 0]
                  2000df00    0000006c     simplelink.a : driver.obj (.text:_SlDrvCmdSend)
                  2000df6c    0000006c                  : netapp.obj (.text:_sl_NetAppSendTokenValue)
                  2000dfd8    00000068     rtsv7M4_T_le_v4SPD16_eabi.lib : copy_decompress_lzss.c.obj (.text:decompress:lzss:__TI_decompress_lzss)
                  2000e040    00000064     simplelink.a : nonos.obj (.text:_SlNonOsSpawn)
                  2000e0a4    00000064                  : socket.obj (.text:_sl_HandleAsync_Accept)
                  2000e108    00000064     rtsv7M4_T_le_v4SPD16_eabi.lib : s_frexp.c.obj (.text:frexp)
                  2000e16c    00000064     simplelink.a : netapp.obj (.text:sl_NetAppMDNSUnRegisterService)
                  2000e1d0    00000064     driverlib.a : udma.obj (.text:uDMAChannelAttributeDisable)
                  2000e234    00000064                 : udma.obj (.text:uDMAChannelAttributeEnable)
                  2000e298    00000060     simplelink.a : socket.obj (.text:sl_Close)
                  2000e2f8    00000060                  : wlan.obj (.text:sl_WlanProfileDel)
                  2000e358    00000060                  : wlan.obj (.text:sl_WlanSetMode)
                  2000e3b8    00000058     driverlib.a : interrupt.obj (.text:IntPendClear)
                  2000e410    00000058                 : prcm.obj (.text:PRCMPeripheralReset)
                  2000e468    00000056     rtsv7M4_T_le_v4SPD16_eabi.lib : _printfi.c.obj (.text:_pconv_f)
                  2000e4be    00000002     --HOLE-- [fill = 0]
                  2000e4c0    00000054     driverlib.a : interrupt.obj (.text:IntPrioritySet)
                  2000e514    00000054     simplelink.a : driver.obj (.text:_SlDrvRxIrqHandler)
                  2000e568    00000054                  : socket.obj (.text:_sl_HandleAsync_Select)
                  2000e5bc    00000054     rtsv7M4_T_le_v4SPD16_eabi.lib : ltoa.c.obj (.text:ltoa)
                  2000e610    00000052                                   : _printfi.c.obj (.text:_ecpy)
                  2000e662    00000002     --HOLE-- [fill = 0]
                  2000e664    00000050     simplelink.a : device.obj (.text:_sl_HandleAsync_Stop)
                  2000e6b4    0000004c     driverlib.a : spi.obj (.text:SPIIntEnable)
                  2000e700    0000004c                 : spi.obj (.text:SPIIntNumberGet)
                  2000e74c    0000004c     simplelink.a : driver.obj (.text:_SlDrvProtectAsyncRespSetting)
                  2000e798    0000004c                  : socket.obj (.text:_sl_BuildAddress)
                  2000e7e4    0000004c     rtsv7M4_T_le_v4SPD16_eabi.lib : atoi.c.obj (.text:atoi)
                  2000e830    0000004c     driverlib.a : udma.obj (.text:uDMAChannelAssign)
                  2000e87c    00000048                 : gpio.obj (.text:GPIOGetIntNumber)
                  2000e8c4    00000048                 : spi.obj (.text:SPIIntClear)
                  2000e90c    00000048     simplelink.a : driver.obj (.text:_SlDrvBasicCmd)
                  2000e954    00000048     rtsv7M4_T_le_v4SPD16_eabi.lib : fd_toi_t2.asm.obj (.text)
                  2000e99c    00000044     driverlib.a : spi.obj (.text:SPIDmaMaskGet)
                  2000e9e0    00000044                 : timer.obj (.text:TimerConfigure)
                  2000ea24    00000044     simplelink.a : driver.obj (.text:_SlDrvHandleHttpServerEvents)
                  2000ea68    00000044                  : driver.obj (.text:_SlDrvSyncObjWaitTimeout)
                  2000eaac    00000044     rtsv7M4_T_le_v4SPD16_eabi.lib : autoinit.c.obj (.text:__TI_auto_init_nobinit_nopinit:__TI_auto_init_nobinit_nopinit)
                  2000eaf0    00000044     simplelink.a : cc_pal.obj (.text:cc_SetupTransfer)
                  2000eb34    00000042                  : socket.obj (.text:sl_Htonl)
                  2000eb76    00000002     --HOLE-- [fill = 0]
                  2000eb78    00000040     driverlib.a : pin.obj (.text:PinModeSet)
                  2000ebb8    00000040     simplelink.a : driver.obj (.text:_SlDrvHandleNetAppEvents)
                  2000ebf8    00000040                  : driver.obj (.text:_SlDrvHandleWlanEvents)
                  2000ec38    00000040                  : socket.obj (.text:_sl_TruncatePayloadByProtocol)
                  2000ec78    00000040     rtsv7M4_T_le_v4SPD16_eabi.lib : sprintf.c.obj (.text:sprintf)
                  2000ecb8    00000040                                   : strtok.c.obj (.text:strtok)
                  2000ecf8    00000040                                   : vsnprintf.c.obj (.text:vsnprintf)
                  2000ed38    0000003e     simplelink.a : cc_pal.obj (.text:NwpRegisterInterruptHandler)
                  2000ed76    0000003e     rtsv7M4_T_le_v4SPD16_eabi.lib : _printfi.c.obj (.text:_fcpy)
                  2000edb4    0000003c     simplelink.a : netapp.obj (.text:CopyPingResultsToReport)
                  2000edf0    0000003c     driverlib.a : prcm.obj (.text:PRCMPeripheralClkEnable)
                  2000ee2c    0000003c     simplelink.a : cc_pal.obj (.text:simplelink_timerA2_start)
                  2000ee68    0000003c                  : socket.obj (.text:sl_Htons)
                  2000eea4    0000003c     driverlib.a : udma.obj (.text:uDMAChannelControlSet)
                  2000eee0    00000038     simplelink.a : cc_pal.obj (.text:NwpPowerOff)
                  2000ef18    00000038                  : wlan.obj (.text:sl_WlanDisconnect)
                  2000ef50    00000036     driverlib.a : gpio.obj (.text:GPIODirModeSet)
                  2000ef86    00000002     --HOLE-- [fill = 0]
                  2000ef88    00000034     simplelink.a : cc_pal.obj (.text:NwpPowerOn)
                  2000efbc    00000034     driverlib.a : prcm.obj (.text:PRCMPeripheralStatusGet)
                  2000eff0    00000034                 : spi.obj (.text:SPIFIFOLevelSet)
                  2000f024    00000034     rtsv7M4_T_le_v4SPD16_eabi.lib : boot_cortex_m.c.obj (.text:_c_int00_noargs:_c_int00_noargs)
                  2000f058    00000030     driverlib.a : pin.obj (.text:PinTypeGPIO)
                  2000f088    00000030                 : uart.obj (.text:UARTDisable)
                  2000f0b8    00000030     rtsv7M4_T_le_v4SPD16_eabi.lib : vsnprintf.c.obj (.text:_outs)
                  2000f0e8    0000002e                                   : i_tofd_t2.asm.obj (.text)
                  2000f116    0000002c     driverlib.a : i2c.obj (.text:I2CMasterErr)
                  2000f142    00000002     --HOLE-- [fill = 0]
                  2000f144    0000002c                 : prcm.obj (.text:PRCMSysResetCauseGet)
                  2000f170    0000002c     simplelink.a : driver.obj (.text:_SlDrvObjGlobalLockWaitForever)
                  2000f19c    0000002c                  : driver.obj (.text:_SlDrvProtectionObjLockWaitForever)
                  2000f1c8    0000002a     driverlib.a : timer.obj (.text:TimerLoadSet)
                  2000f1f2    0000002a                 : timer.obj (.text:TimerPrescaleSet)
                  2000f21c    0000002a     rtsv7M4_T_le_v4SPD16_eabi.lib : strspn.c.obj (.text:strspn)
                  2000f246    00000002     --HOLE-- [fill = 0]
                  2000f248    00000028     driverlib.a : prcm.obj (.text:PRCMPeripheralClkDisable)
                  2000f270    00000028     simplelink.a : driver.obj (.text:_SlDrvGlobalObjUnLock)
                  2000f298    00000028                  : driver.obj (.text:_SlDrvProtectionObjUnLock)
                  2000f2c0    00000028                  : driver.obj (.text:_SlDrvSyncObjWaitForever)
                  2000f2e8    00000028     rtsv7M4_T_le_v4SPD16_eabi.lib : memory.c.obj (.text:free_list_insert)
                  2000f310    00000026     simplelink.a : driver.obj (.text:_SlDrvObjLockWaitForever)
                  2000f336    00000026     network_common.obj (.text)
                  2000f35c    00000024     simplelink.a : cc_pal.obj (.text:DmaSpiSwIntHandler)
                  2000f380    00000024     driverlib.a : interrupt.obj (.text:IntUnregister)
                  2000f3a4    00000024                 : uart.obj (.text:UARTEnable)
                  2000f3c8    00000024     rtsv7M4_T_le_v4SPD16_eabi.lib : memmov.c.obj (.text:memmove)
                  2000f3ec    00000024                                   : strcspn.c.obj (.text:strcspn)
                  2000f410    00000022     driverlib.a : i2c.obj (.text:I2CMasterSlaveAddrSet)
                  2000f432    00000022                 : spi.obj (.text:SPIReset)
                  2000f454    00000022                 : spi.obj (.text:SPIWordCountSet)
                  2000f476    00000020                 : gpio.obj (.text:GPIOPinWrite)
                  2000f496    00000002     --HOLE-- [fill = 0]
                  2000f498    00000020                 : interrupt.obj (.text:IntRegister)
                  2000f4b8    00000020     simplelink.a : cc_pal.obj (.text:NwpPrePowerOffTimout0)
                  2000f4d8    00000020     driverlib.a : spi.obj (.text:SPIDataGet)
                  2000f4f8    00000020     simplelink.a : cc_pal.obj (.text:TimerGetCurrentTimestamp)
                  2000f518    00000020                  : driver.obj (.text:_SlDrvObjUnLock)
                  2000f538    00000020                  : driver.obj (.text:_SlDrvSyncObjSignal)
                  2000f558    0000001e     driverlib.a : gpio.obj (.text:GPIOIntRegister)
                  2000f576    0000001e                 : i2c.obj (.text:I2CMasterIntStatusEx)
                  2000f594    0000001e                 : spi.obj (.text:SPIDataPut)
                  2000f5b2    0000001e                 : timer.obj (.text:TimerEnable)
                  2000f5d0    0000001e                 : uart.obj (.text:UARTCharPut)
                  2000f5ee    0000001e     simplelink.a : cc_pal.obj (.text:cc_UDMAChannelSelect)
                  2000f60c    0000001c     driverlib.a : pin.obj (.text:PinTypeI2C)
                  2000f628    0000001c                 : timer.obj (.text:TimerValueGet)
                  2000f644    0000001c                 : uart.obj (.text:UARTCharGetNonBlocking)
                  2000f660    0000001c     simplelink.a : driver.obj (.text:_SlDrvStartMeasureTimeout)
                  2000f67c    0000001c     rtsv7M4_T_le_v4SPD16_eabi.lib : copy_zero_init.c.obj (.text:decompress:ZI:__TI_zero_init_nomemset:__TI_zero_init_nomemset)
                  2000f698    0000001c                                   : memory.c.obj (.text:free_list_remove)
                  2000f6b4    0000001c                                   : memccpy.c.obj (.text:memccpy)
                  2000f6d0    0000001c     driverlib.a : udma.obj (.text:uDMAChannelEnable)
                  2000f6ec    0000001a                 : gpio.obj (.text:GPIOIntEnable)
                  2000f706    0000001a                 : pin.obj (.text:PinTypeSPI)
                  2000f720    0000001a                 : pin.obj (.text:PinTypeUART)
                  2000f73a    0000001a                 : spi.obj (.text:SPIDmaDisable)
                  2000f754    0000001a                 : spi.obj (.text:SPIDmaEnable)
                  2000f76e    0000001a                 : spi.obj (.text:SPIFIFODisable)
                  2000f788    0000001a                 : spi.obj (.text:SPIFIFOEnable)
                  2000f7a2    0000001a                 : spi.obj (.text:SPIIntUnregister)
                  2000f7bc    0000001a     rtsv7M4_T_le_v4SPD16_eabi.lib : s_copysign.c.obj (.text:copysign)
                  2000f7d6    00000018     driverlib.a : gpio.obj (.text:GPIOPinRead)
                  2000f7ee    00000018                 : i2c.obj (.text:I2CMasterIntEnableEx)
                  2000f806    00000018                 : spi.obj (.text:SPICSDisable)
                  2000f81e    00000018                 : spi.obj (.text:SPICSEnable)
                  2000f836    00000018                 : spi.obj (.text:SPIDisable)
                  2000f84e    00000018                 : spi.obj (.text:SPIEnable)
                  2000f866    00000018                 : uart.obj (.text:UARTCharsAvail)
                  2000f87e    00000018     simplelink.a : nonos.obj (.text:_SlNonOsSemSet)
                  2000f896    00000018     rtsv7M4_T_le_v4SPD16_eabi.lib : vsnprintf.c.obj (.text:_outc)
                  2000f8ae    00000018                                   : sprintf.c.obj (.text:_outs)
                  2000f8c6    00000002     --HOLE-- [fill = 0]
                  2000f8c8    00000018     simplelink.a : device.obj (.text:_sl_GetStartResponseConvert)
                  2000f8e0    00000016     driverlib.a : i2c.obj (.text:I2CMasterDataPut)
                  2000f8f6    00000016                 : i2c.obj (.text:I2CMasterEnable)
                  2000f90c    00000016                 : prcm.obj (.text:PRCMHIBRegRead)
                  2000f922    00000016                 : prcm.obj (.text:PRCMHIBRegWrite)
                  2000f938    00000016     simplelink.a : driver.obj (.text:_SlDrvMemZero)
                  2000f94e    00000016     rtsv7M4_T_le_v4SPD16_eabi.lib : strchr.c.obj (.text:strchr)
                  2000f964    00000014     driverlib.a : cpu.obj (.text:CPUcpsie)
                  2000f978    00000014                 : gpio.obj (.text:GPIOIntClear)
                  2000f98c    00000014                 : interrupt.obj (.text:IntVTableBaseSet)
                  2000f9a0    00000014     rtsv7M4_T_le_v4SPD16_eabi.lib : strcpy.c.obj (.text:strcpy)
                  2000f9b4    00000014                                   : strlen.c.obj (.text:strlen)
                  2000f9c8    00000012     driverlib.a : i2c.obj (.text:I2CMasterControl)
                  2000f9da    00000012                 : i2c.obj (.text:I2CMasterIntClearEx)
                  2000f9ec    00000012                 : i2c.obj (.text:I2CMasterTimeoutSet)
                  2000f9fe    00000012     rtsv7M4_T_le_v4SPD16_eabi.lib : wcslen.c.obj (.text:wcslen)
                  2000fa10    00000010     simplelink.a : driver.obj (.text:_SlDrvDispatchHttpServerEvents)
                  2000fa20    0000000e     driverlib.a : i2c.obj (.text:I2CMasterDataGet)
                  2000fa2e    0000000e     simplelink.a : driver.obj (.text:_SlDrvResetCmdExt)
                  2000fa3c    0000000e     rtsv7M4_T_le_v4SPD16_eabi.lib : copy_decompress_none.c.obj (.text:decompress:none:__TI_decompress_none)
                  2000fa4a    0000000e     startup_ccs.obj (.text)
                  2000fa58    0000000c     simplelink.a : cc_pal.obj (.text:NwpMaskInterrupt)
                  2000fa64    0000000c                  : cc_pal.obj (.text:NwpUnMaskInterrupt)
                  2000fa70    0000000a     driverlib.a : interrupt.obj (.text:IntMasterEnable)
                  2000fa7a    0000000a     rtsv7M4_T_le_v4SPD16_eabi.lib : sprintf.c.obj (.text:_outc)
                  2000fa84    00000008                                   : errno.c.obj (.text:__aeabi_errno_addr)
                  2000fa8c    00000008                                   : memory.c.obj (.text:malloc)
                  2000fa94    00000006     driverlib.a : utils.obj (.text:UtilsDelay)
                  2000fa9a    00000004     rtsv7M4_T_le_v4SPD16_eabi.lib : pre_init.c.obj (.text:_system_pre_init)
                  2000fa9e    00000004                                   : exit.c.obj (.text:abort:abort)

.const     0    2000faa4    00000b20     
                  2000faa4    000004fb     Adafruit_GFX.obj (.const:.string:font)
                  2000ff9f    00000101     rtsv7M4_T_le_v4SPD16_eabi.lib : ctype.c.obj (.const:.string:_ctypes_)
                  200100a0    00000100     driverlib.a : pin.obj (.const:g_ulPinToPadMap)
                  200101a0    000000d4                 : interrupt.obj (.const:g_pulRegs)
                  20010274    000000a8                 : prcm.obj (.const:PRCM_PeriphRegsList)
                  2001031c    0000003c     simplelink.a : driver.obj (.const:OpcodeTranslateTable)
                  20010358    00000038                  : driver.obj (.const:_SlActionLookupTable)
                  20010390    00000030     main.obj (.const:.string)
                  200103c0    0000002c     main.obj (.const:$P$T1$2)
                  200103ec    00000024     driverlib.a : spi.obj (.const:g_ppulSPIIntMap)
                  20010410    00000022     main.obj (.const:.string:$P$T0$1)
                  20010432    00000002     --HOLE-- [fill = 0]
                  20010434    00000020     simplelink.a : driver.obj (.const:RxMsgClassLUT)
                  20010454    00000018     driverlib.a : interrupt.obj (.const:g_pulDisRegs)
                  2001046c    00000018                 : interrupt.obj (.const:g_pulEnRegs)
                  20010484    00000018                 : interrupt.obj (.const:g_pulUnpendRegs)
                  2001049c    00000018                 : spi.obj (.const:g_ulSPIDmaMaskMap)
                  200104b4    00000015     main.obj (.const:.string:$P$T6$7)
                  200104c9    00000003     --HOLE-- [fill = 0]
                  200104cc    00000014     simplelink.a : driver.obj (.const:$P$T0$1)
                  200104e0    00000014                  : nonos.obj (.const:$P$T0$1)
                  200104f4    00000014     main.obj (.const:$P$T2$3)
                  20010508    00000010     simplelink.a : socket.obj (.const:.string:_SlPayloadByProtocolLUT)
                  20010518    0000000c     main.obj (.const:$P$T4$5)
                  20010524    0000000c     main.obj (.const:.string:$P$T3$4)
                  20010530    0000000b     main.obj (.const:.string:$P$T8$9)
                  2001053b    0000000b     main.obj (.const:.string:$P$T9$10)
                  20010546    00000009     main.obj (.const:.string:$P$T5$6)
                  2001054f    00000008     simplelink.a : device.obj (.const:StartResponseLUT)
                  20010557    00000001     --HOLE-- [fill = 0]
                  20010558    00000008                  : driver.obj (.const:g_H2NCnysPattern)
                  20010560    00000008                  : driver.obj (.const:g_H2NSyncPattern)
                  20010568    00000005     main.obj (.const:.string:$P$T7$8)
                  2001056d    00000001     --HOLE-- [fill = 0]
                  2001056e    00000004     simplelink.a : wlan.obj (.const:$P$T0$1)
                  20010572    00000004                  : socket.obj (.const:$P$T2$3)
                  20010576    00000004                  : device.obj (.const:_SlDeviceGetCmdCtrl)
                  2001057a    00000004                  : device.obj (.const:_SlDeviceSetCmdCtrl)
                  2001057e    00000004                  : netapp.obj (.const:_SlGetHostByNameCtrl)
                  20010582    00000004                  : netapp.obj (.const:_SlNetAppSendTokenValueCmdCtrl)
                  20010586    00000004                  : netcfg.obj (.const:_SlNetCfgSetCmdCtrl)
                  2001058a    00000004                  : wlan.obj (.const:_SlPolicySetCmdCtrl)
                  2001058e    00000004                  : wlan.obj (.const:_SlProfileDelCmdCtrl)
                  20010592    00000004                  : socket.obj (.const:_SlRecvCmdCtrl)
                  20010596    00000004                  : netapp.obj (.const:_SlRegisterServiceCtrl)
                  2001059a    00000004                  : wlan.obj (.const:_SlRxFilterSetCmdCtrl)
                  2001059e    00000004                  : socket.obj (.const:_SlSendCmdCtrl)
                  200105a2    00000004                  : socket.obj (.const:_SlSetSockOptCmdCtrl)
                  200105a6    00000004                  : socket.obj (.const:_SlSockCloseCmdCtrl)
                  200105aa    00000004                  : socket.obj (.const:_SlSockSocketCmdCtrl)
                  200105ae    00000004                  : device.obj (.const:_SlStopCmdCtrl)
                  200105b2    00000004                  : wlan.obj (.const:_SlWlanCfgSetCmdCtrl)
                  200105b6    00000004                  : wlan.obj (.const:_SlWlanSetModeCmdCtrl)
                  200105ba    00000002     --HOLE-- [fill = 0]
                  200105bc    00000004                  : driver.obj (.const:httpServer_callbacks)
                  200105c0    00000004                  : driver.obj (.const:netApp_callbacks)

.cinit     0    200105c8    00000068     
                  200105c8    00000041     (.cinit..data.load) [load image, compression = lzss]
                  20010609    00000003     --HOLE-- [fill = 0]
                  2001060c    0000000c     (__TI_handler_table)
                  20010618    00000008     (.cinit..bss.load) [load image, compression = zero_init]
                  20010620    00000010     (__TI_cinit_table)

.sysmem    0    20017000    00008000     UNINITIALIZED
                  20017000    00000010     rtsv7M4_T_le_v4SPD16_eabi.lib : memory.c.obj (.sysmem)
                  20017010    00007ff0     --HOLE--

.bss       0    2001f000    0000021a     UNINITIALIZED
                  2001f000    00000168     simplelink.a : driver.obj (.bss:g_StatMem)
                  2001f168    00000050     (.common:g_ucDinDout)
                  2001f1b8    0000002c     (.common:g_time)
                  2001f1e4    00000024     (.common:g_ucConnectionSSID)
                  2001f208    00000008     (.common:g_ucConnectionBSSID)
                  2001f210    00000004     uart_if.obj (.bss)
                  2001f214    00000001     (.common:RxIrqCnt)
                  2001f215    00000001     (.common:g_bDeviceRestartIsRequired)
                  2001f216    00000001     (.common:g_cDummy)
                  2001f217    00000001     (.common:g_ucLED1Pin)
                  2001f218    00000001     (.common:g_ucLED2Pin)
                  2001f219    00000001     (.common:g_ucLED3Pin)

.data      0    2001f21c    000000bc     UNINITIALIZED
                  2001f21c    0000003c     simplelink.a : nonos.obj (.data:g__SlNonOsCB)
                  2001f258    00000015     Adafruit_GFX.obj (.data)
                  2001f26d    00000003     --HOLE--
                  2001f270    00000014     gpio_if.obj (.data:ulReg)
                  2001f284    00000010     main.obj (.data)
                  2001f294    0000000d     simplelink.a : driver.obj (.data)
                  2001f2a1    00000003     --HOLE--
                  2001f2a4    0000000c     gpio_if.obj (.data)
                  2001f2b0    00000009     simplelink.a : cc_pal.obj (.data)
                  2001f2b9    00000003     --HOLE--
                  2001f2bc    00000008     rtsv7M4_T_le_v4SPD16_eabi.lib : _lock.c.obj (.data:$O1$$)
                  2001f2c4    00000008                                   : memory.c.obj (.data:$O1$$)
                  2001f2cc    00000004                                   : errno.c.obj (.data)
                  2001f2d0    00000004                                   : strtok.c.obj (.data)
                  2001f2d4    00000004     simplelink.a : driver.obj (.data:wlan_callbacks)

.stack     0    2002f000    00001000     UNINITIALIZED
                  2002f000    00000004     rtsv7M4_T_le_v4SPD16_eabi.lib : boot_cortex_m.c.obj (.stack)
                  2002f004    00000ffc     --HOLE--

MODULE SUMMARY

       Module                       code    ro data   rw data
       ------                       ----    -------   -------
    .\
       main.obj                     8680    227       104    
       Adafruit_GFX.obj             2764    1275      21     
       test.obj                     1348    0         0      
       Adafruit_OLED.obj            1146    0         0      
       startup_ccs.obj              14      1024      0      
       gpio_if.obj                  920     0         35     
       i2c_if.obj                   692     0         0      
       uart_if.obj                  640     0         4      
       pin_mux_config.obj           328     0         0      
       network_common.obj           38      0         0      
    +--+----------------------------+-------+---------+---------+
       Total:                       16570   2526      164    
                                                             
    C:/TI/CC3200SDK_1.5.0/cc3200-sdk/driverlib/ccs/Release/driverlib.a
       prcm.obj                     852     168       0      
       spi.obj                      860     60        0      
       interrupt.obj                608     284       0      
       udma.obj                     604     0         0      
       pin.obj                      328     256       0      
       gpio.obj                     388     0         0      
       i2c.obj                      376     0         0      
       uart.obj                     284     0         0      
       timer.obj                    210     0         0      
       cpu.obj                      20      0         0      
       utils.obj                    6       0         0      
    +--+----------------------------+-------+---------+---------+
       Total:                       4536    768       0      
                                                             
    C:/TI/CC3200SDK_1.5.0/cc3200-sdk/simplelink/ccs/NON_OS_debug/simplelink.a
       driver.obj                   7906    192       379    
       cc_pal.obj                   1960    0         90     
       socket.obj                   1830    40        0      
       netapp.obj                   1572    12        0      
       wlan.obj                     1316    24        0      
       device.obj                   1234    20        0      
       nonos.obj                    416     20        60     
       netcfg.obj                   152     4         0      
    +--+----------------------------+-------+---------+---------+
       Total:                       16386   312       529    
                                                             
    C:\ti\ccs930\ccs\tools\compiler\ti-cgt-arm_18.12.4.LTS\lib\rtsv7M4_T_le_v4SPD16_eabi.lib
       _printfi.c.obj               4851    0         0      
       memory.c.obj                 928     0         8      
       fd_add_t2.asm.obj            438     0         0      
       fd_div_t2.asm.obj            310     0         0      
       s_scalbn.c.obj               272     0         0      
       strtoul.c.obj                272     0         0      
       fd_cmp_t2.asm.obj            268     0         0      
       ctype.c.obj                  0       257       0      
       fd_mul_t2.asm.obj            252     0         0      
       memcpy_t2.asm.obj            156     0         0      
       ull_div_t2.asm.obj           150     0         0      
       vsnprintf.c.obj              136     0         0      
       memset_t2.asm.obj            122     0         0      
       copy_decompress_lzss.c.obj   104     0         0      
       s_frexp.c.obj                100     0         0      
       sprintf.c.obj                98      0         0      
       ltoa.c.obj                   84      0         0      
       atoi.c.obj                   76      0         0      
       fd_toi_t2.asm.obj            72      0         0      
       autoinit.c.obj               68      0         0      
       strtok.c.obj                 64      0         4      
       boot_cortex_m.c.obj          52      0         0      
       i_tofd_t2.asm.obj            46      0         0      
       strspn.c.obj                 42      0         0      
       memmov.c.obj                 36      0         0      
       strcspn.c.obj                36      0         0      
       copy_zero_init.c.obj         28      0         0      
       memccpy.c.obj                28      0         0      
       s_copysign.c.obj             26      0         0      
       strchr.c.obj                 22      0         0      
       strcpy.c.obj                 20      0         0      
       strlen.c.obj                 20      0         0      
       wcslen.c.obj                 18      0         0      
       copy_decompress_none.c.obj   14      0         0      
       errno.c.obj                  8       0         4      
       _lock.c.obj                  2       0         8      
       exit.c.obj                   4       0         0      
       pre_init.c.obj               4       0         0      
       div0.asm.obj                 2       0         0      
    +--+----------------------------+-------+---------+---------+
       Total:                       9229    257       24     
                                                             
       Heap:                        0       0         32768  
       Stack:                       0       0         4096   
       Linker Generated:            0       101       0      
    +--+----------------------------+-------+---------+---------+
       Grand Total:                 46721   3964      37581  


LINKER GENERATED COPY TABLES

__TI_cinit_table @ 20010620 records: 2, size/record: 8, table size: 16
	.data: load addr=200105c8, load size=00000041 bytes, run addr=2001f21c, run size=000000bc bytes, compression=lzss
	.bss: load addr=20010618, load size=00000008 bytes, run addr=2001f000, run size=0000021a bytes, compression=zero_init


LINKER GENERATED HANDLER TABLE

__TI_handler_table @ 2001060c records: 3, size/record: 4, table size: 12
	index: 0, handler: __TI_decompress_lzss
	index: 1, handler: __TI_decompress_none
	index: 2, handler: __TI_zero_init


GLOBAL SYMBOLS: SORTED ALPHABETICALLY BY Name 

address   name                                  
-------   ----                                  
20008639  Adafruit_Init                         
2000fa9f  C$$EXIT                               
2000f965  CPUcpsie                              
20009361  ClearTerm                             
200087af  Color565                              
2000f35d  DmaSpiSwIntHandler                    
2000936b  Error                                 
2000ef51  GPIODirModeSet                        
2000f979  GPIOIntClear                          
2000f6ed  GPIOIntEnable                         
2000f559  GPIOIntRegister                       
2000da3d  GPIOIntTypeSet                        
2000f7d7  GPIOPinRead                           
2000f477  GPIOPinWrite                          
20008d15  GPIO_IF_ConfigureNIntEnable           
20008da1  GPIO_IF_Get                           
20008ccf  GPIO_IF_GetPortNPin                   
20008a91  GPIO_IF_LedConfigure                  
20008b83  GPIO_IF_LedOff                        
20008acf  GPIO_IF_LedOn                         
20008c37  GPIO_IF_LedStatus                     
20008ca1  GPIO_IF_LedToggle                     
20008d5d  GPIO_IF_Set                           
200093a3  GetCmd                                
2000f9c9  I2CMasterControl                      
2000fa21  I2CMasterDataGet                      
2000f8e1  I2CMasterDataPut                      
2000f8f7  I2CMasterEnable                       
2000f117  I2CMasterErr                          
2000d8b1  I2CMasterInitExpClk                   
2000f9db  I2CMasterIntClearEx                   
2000f7ef  I2CMasterIntEnableEx                  
2000f577  I2CMasterIntStatusEx                  
2000f411  I2CMasterSlaveAddrSet                 
2000f9ed  I2CMasterTimeoutSet                   
2000908b  I2C_IF_Close                          
20009025  I2C_IF_Open                           
20008f23  I2C_IF_Read                           
20008fdf  I2C_IF_ReadFrom                       
20008e73  I2C_IF_Write                          
20009321  InitTerm                              
2000ca21  IntDisable                            
2000cac9  IntEnable                             
2000fa71  IntMasterEnable                       
2000e3b9  IntPendClear                          
2000e4c1  IntPrioritySet                        
2000f499  IntRegister                           
2000f381  IntUnregister                         
2000f98d  IntVTableBaseSet                      
2000933f  Message                               
2000fa59  NwpMaskInterrupt                      
2000eee1  NwpPowerOff                           
2000ef89  NwpPowerOn                            
2000d935  NwpPowerOnPreamble                    
2000f4b9  NwpPrePowerOffTimout0                 
2000ed39  NwpRegisterInterruptHandler           
2000fa65  NwpUnMaskInterrupt                    
2001031c  OpcodeTranslateTable                  
20006f93  Outstr                                
20006fdf  OutstrXYC                             
2000a801  PRCMCC3200MCUInit                     
2000f90d  PRCMHIBRegRead                        
2000f923  PRCMHIBRegWrite                       
2000f249  PRCMPeripheralClkDisable              
2000edf1  PRCMPeripheralClkEnable               
2000d21d  PRCMPeripheralClockGet                
2000e411  PRCMPeripheralReset                   
2000efbd  PRCMPeripheralStatusGet               
2000f145  PRCMSysResetCauseGet                  
2000d71d  PinConfigSet                          
2000eb79  PinModeSet                            
2000ac39  PinMuxConfig                          
2000f059  PinTypeGPIO                           
2000f60d  PinTypeI2C                            
2000f707  PinTypeSPI                            
2000f721  PinTypeUART                           
20004401  ProcessReadRegCommand                 
200094e1  Report                                
2000fa4b  ResetISR                              
2001f214  RxIrqCnt                              
2000f807  SPICSDisable                          
2000f81f  SPICSEnable                           
2000cc15  SPIConfigSetExpClk                    
2000f4d9  SPIDataGet                            
2000f595  SPIDataPut                            
2000f837  SPIDisable                            
2000f73b  SPIDmaDisable                         
2000f755  SPIDmaEnable                          
2000f84f  SPIEnable                             
2000f76f  SPIFIFODisable                        
2000f789  SPIFIFOEnable                         
2000eff1  SPIFIFOLevelSet                       
2000e8c5  SPIIntClear                           
2000e6b5  SPIIntEnable                          
2000f7a3  SPIIntUnregister                      
2000f433  SPIReset                              
2000f455  SPIWordCountSet                       
20004685  SimpleLinkGeneralEventHandler         
20004661  SimpleLinkHttpServerCallback          
200045bf  SimpleLinkNetAppEventHandler          
200046a9  SimpleLinkSockEventHandler            
200044b1  SimpleLinkWlanEventHandler            
2000e9e1  TimerConfigure                        
2000f5b3  TimerEnable                           
2000f4f9  TimerGetCurrentTimestamp              
2000f1c9  TimerLoadSet                          
2000f1f3  TimerPrescaleSet                      
2000f629  TimerValueGet                         
20009449  TrimSpace                             
2000f645  UARTCharGetNonBlocking                
2000f5d1  UARTCharPut                           
2000f867  UARTCharsAvail                        
2000dd35  UARTConfigSetExpClk                   
2000f089  UARTDisable                           
2000f3a5  UARTEnable                            
2000fa95  UtilsDelay                            
20010358  _SlActionLookupTable                  
2000cb71  _SlDriverHandleError                  
2000e90d  _SlDrvBasicCmd                        
2000c7fd  _SlDrvCmdOp                           
2000df01  _SlDrvCmdSend                         
20009a59  _SlDrvDataReadOp                      
2000aae9  _SlDrvDataWriteOp                     
2000cdf1  _SlDrvDeviceEventHandler              
2000fa11  _SlDrvDispatchHttpServerEvents        
2000b4f9  _SlDrvDriverCBDeinit                  
2000a195  _SlDrvDriverCBInit                    
2000f271  _SlDrvGlobalObjUnLock                 
2000ea25  _SlDrvHandleHttpServerEvents          
2000ebb9  _SlDrvHandleNetAppEvents              
2000ebf9  _SlDrvHandleWlanEvents                
2000d579  _SlDrvIsTimeoutExpired                
2000f939  _SlDrvMemZero                         
2000c12d  _SlDrvMsgReadSpawnCtx                 
2000ba85  _SlDrvNetAppEventHandler              
2000f311  _SlDrvObjLockWaitForever              
2000f519  _SlDrvObjUnLock                       
2000e74d  _SlDrvProtectAsyncRespSetting         
2000f19d  _SlDrvProtectionObjLockWaitForever    
2000f299  _SlDrvProtectionObjUnLock             
20009c3d  _SlDrvReleasePoolObj                  
2000fa2f  _SlDrvResetCmdExt                     
2000e515  _SlDrvRxIrqHandler                    
2000f661  _SlDrvStartMeasureTimeout             
2000f539  _SlDrvSyncObjSignal                   
2000f2c1  _SlDrvSyncObjWaitForever              
2000ea69  _SlDrvSyncObjWaitTimeout              
2000a4e5  _SlDrvWaitForPoolObj                  
20010582  _SlNetAppSendTokenValueCmdCtrl        
2000ddad  _SlNonOsMainLoopTask                  
2000c971  _SlNonOsSemGet                        
2000f87f  _SlNonOsSemSet                        
2000e041  _SlNonOsSpawn                         
20030000  __STACK_END                           
00001000  __STACK_SIZE                          
00008000  __SYSMEM_SIZE                         
20010620  __TI_CINIT_Base                       
20010630  __TI_CINIT_Limit                      
2001060c  __TI_Handler_Table_Base               
20010618  __TI_Handler_Table_Limit              
2000eaad  __TI_auto_init_nobinit_nopinit        
2000dfd9  __TI_decompress_lzss                  
2000fa3d  __TI_decompress_none                  
ffffffff  __TI_pprof_out_hndl                   
200070b5  __TI_printfi                          
ffffffff  __TI_prof_data_size                   
ffffffff  __TI_prof_data_start                  
200105c8  __TI_static_base__                    
2000f67d  __TI_zero_init_nomemset               
2000d7a5  __aeabi_cdcmpeq                       
2000d7a5  __aeabi_cdcmple                       
2000d82b  __aeabi_cdrcmple                      
2000e955  __aeabi_d2iz                          
20009fe7  __aeabi_dadd                          
2000b28d  __aeabi_ddiv                          
2000bb89  __aeabi_dmul                          
20009fdd  __aeabi_dsub                          
2000fa85  __aeabi_errno_addr                    
2000f0e9  __aeabi_i2d                           
2000a193  __aeabi_idiv0                         
2000a193  __aeabi_ldiv0                         
2000dc41  __aeabi_memclr                        
2000dc41  __aeabi_memclr4                       
2000dc41  __aeabi_memclr8                       
2000cd55  __aeabi_memcpy                        
2000cd55  __aeabi_memcpy4                       
2000cd55  __aeabi_memcpy8                       
2000dc43  __aeabi_memset                        
2000dc43  __aeabi_memset4                       
2000dc43  __aeabi_memset8                       
2000d185  __aeabi_uldivmod                      
ffffffff  __binit__                             
ffffffff  __c_args__                            
UNDEFED   __mpu_init                            
2002f000  __stack                               
2000f025  _c_int00_noargs                       
2000ff9f  _ctypes_                              
2001f2bc  _lock                                 
20008a53  _nop                                  
2000e0a5  _sl_HandleAsync_Accept                
2000dac1  _sl_HandleAsync_Connect               
2000d2b1  _sl_HandleAsync_DnsGetHostByName      
2000c5a1  _sl_HandleAsync_DnsGetHostByService   
2000d605  _sl_HandleAsync_InitComplete          
2000d341  _sl_HandleAsync_PingResponse          
2000e569  _sl_HandleAsync_Select                
2000e665  _sl_HandleAsync_Stop                  
2000df6d  _sl_NetAppSendTokenValue              
20017000  _sys_memory                           
UNDEFED   _system_post_cinit                    
2000fa9b  _system_pre_init                      
2001f2c0  _unlock                               
2000fa9f  abort                                 
2000b74d  aligned_alloc                         
2000e7e5  atoi                                  
ffffffff  binit                                 
2000f7bd  copysign                              
2000f7bd  copysignl                             
2001f258  cursor_x                              
2001f25c  cursor_y                              
20008095  delay                                 
20006e47  drawChar                              
200065e9  drawCircle                            
2000671d  drawCircleHelper                      
2000895d  drawFastHLine                         
200088bd  drawFastVLine                         
20006963  drawLine                              
200089f9  drawPixel                             
20006a4f  drawRect                              
20006a9d  drawRoundRect                         
20006c05  drawTriangle                          
2001f2cc  errno                                 
2000683b  fillCircle                            
20006875  fillCircleHelper                      
20008807  fillRect                              
20006b8b  fillRoundRect                         
200087f1  fillScreen                            
20006c47  fillTriangle                          
2000c2fd  free                                  
2000e109  frexp                                 
2000e109  frexpl                                
2001f290  g_Host                                
2001f294  g_SlDeviceStatus                      
2001f2b0  g_SpiFd                               
2001f21c  g__SlNonOsCB                          
2001f215  g_bDeviceRestartIsRequired            
2001f216  g_cDummy                              
2001f298  g_pCB                                 
2001f2b4  g_pHostIntHdl                         
20004000  g_pfnVectors                          
2001f1b8  g_time                                
2001f208  g_ucConnectionBSSID                   
2001f1e4  g_ucConnectionSSID                    
2001f2b8  g_ucDMAEnabled                        
2001f168  g_ucDinDout                           
2001f217  g_ucLED1Pin                           
2001f218  g_ucLED2Pin                           
2001f219  g_ucLED3Pin                           
2001f2a4  g_uiLED1Port                          
2001f2a8  g_uiLED2Port                          
2001f2ac  g_uiLED3Port                          
2001f28c  g_ulGatewayIP                         
2001f288  g_ulPingPacketsRecv                   
2001f284  g_ulStatus                            
2000876b  goTo                                  
20007093  height                                
20008a37  invert                                
20008439  lcdTestPattern                        
20008509  lcdTestPattern2                       
2000b865  ldexp                                 
2000b865  ldexpl                                
2000e5bd  ltoa                                  
200053c1  main                                  
2000fa8d  malloc                                
2000b74d  memalign                              
2000f6b5  memccpy                               
2000cd55  memcpy                                
2000f3c9  memmove                               
2000dc49  memset                                
2001f29c  pPingCallBackFunc                     
2000509d  printErrConvenience                   
2000c215  realloc                               
2000b865  scalbn                                
2000b865  scalbnl                               
2000702b  setCursor                             
20007063  setTextColor                          
20007043  setTextSize                           
2000707b  setTextWrap                           
2000ee2d  simplelink_timerA2_start              
2000e299  sl_Close                              
2000a675  sl_Connect                            
2000c66d  sl_DevGet                             
2000ce8d  sl_DevSet                             
2000eb35  sl_Htonl                              
2000ee69  sl_Htons                              
2000b00d  sl_NetAppDnsGetHostByName             
2000c3e1  sl_NetAppMDNSRegisterUnregisterService
2000e16d  sl_NetAppMDNSUnRegisterService        
2000cf25  sl_NetCfgSet                          
2000f337  sl_Provisioning_HttpServerEventHdl    
2000f345  sl_Provisioning_NetAppEventHdl        
2000f351  sl_Provisioning_WlanEventHdl          
2000ccb5  sl_Recv                               
2000b3c5  sl_Send                               
2000cfbd  sl_SetSockOpt                         
2000d691  sl_Socket                             
2000bc85  sl_Start                              
2000bd75  sl_Stop                               
200090a1  sl_WlanConnect                        
2000ef19  sl_WlanDisconnect                     
2000d3d1  sl_WlanPolicySet                      
2000e2f9  sl_WlanProfileDel                     
2000d9b9  sl_WlanRxFilterSet                    
2000d055  sl_WlanSet                            
2000e359  sl_WlanSetMode                        
2000dcbd  spi_Close                             
2000ad81  spi_Open                              
2000be65  spi_Read                              
2000d0ed  spi_Write                             
2000ec79  sprintf                               
2000f94f  strchr                                
2000f9a1  strcpy                                
2000f3ed  strcspn                               
2000f9b5  strlen                                
2000f21d  strspn                                
2000ecb9  strtok                                
2000b975  strtoul                               
200082cb  testdrawcircles                       
2000813b  testdrawrects                         
200080c9  testfastlines                         
20008259  testfillcircles                       
2000819b  testfillrects                         
200083c7  testroundrects                        
20008345  testtriangles                         
2001f268  textbgcolor                           
2001f264  textcolor                             
2001f260  textsize                              
2000e831  uDMAChannelAssign                     
2000e1d1  uDMAChannelAttributeDisable           
2000e235  uDMAChannelAttributeEnable            
2000eea5  uDMAChannelControlSet                 
2000f6d1  uDMAChannelEnable                     
2000bf55  uDMAChannelTransferSet                
2000ecf9  vsnprintf                             
2000f9ff  wcslen                                
2000708f  width                                 
2001f26c  wrap                                  
200085d9  writeCommand                          
20008609  writeData                             


GLOBAL SYMBOLS: SORTED BY Symbol Address 

address   name                                  
-------   ----                                  
00001000  __STACK_SIZE                          
00008000  __SYSMEM_SIZE                         
20004000  g_pfnVectors                          
20004401  ProcessReadRegCommand                 
200044b1  SimpleLinkWlanEventHandler            
200045bf  SimpleLinkNetAppEventHandler          
20004661  SimpleLinkHttpServerCallback          
20004685  SimpleLinkGeneralEventHandler         
200046a9  SimpleLinkSockEventHandler            
2000509d  printErrConvenience                   
200053c1  main                                  
200065e9  drawCircle                            
2000671d  drawCircleHelper                      
2000683b  fillCircle                            
20006875  fillCircleHelper                      
20006963  drawLine                              
20006a4f  drawRect                              
20006a9d  drawRoundRect                         
20006b8b  fillRoundRect                         
20006c05  drawTriangle                          
20006c47  fillTriangle                          
20006e47  drawChar                              
20006f93  Outstr                                
20006fdf  OutstrXYC                             
2000702b  setCursor                             
20007043  setTextSize                           
20007063  setTextColor                          
2000707b  setTextWrap                           
2000708f  width                                 
20007093  height                                
200070b5  __TI_printfi                          
20008095  delay                                 
200080c9  testfastlines                         
2000813b  testdrawrects                         
2000819b  testfillrects                         
20008259  testfillcircles                       
200082cb  testdrawcircles                       
20008345  testtriangles                         
200083c7  testroundrects                        
20008439  lcdTestPattern                        
20008509  lcdTestPattern2                       
200085d9  writeCommand                          
20008609  writeData                             
20008639  Adafruit_Init                         
2000876b  goTo                                  
200087af  Color565                              
200087f1  fillScreen                            
20008807  fillRect                              
200088bd  drawFastVLine                         
2000895d  drawFastHLine                         
200089f9  drawPixel                             
20008a37  invert                                
20008a53  _nop                                  
20008a91  GPIO_IF_LedConfigure                  
20008acf  GPIO_IF_LedOn                         
20008b83  GPIO_IF_LedOff                        
20008c37  GPIO_IF_LedStatus                     
20008ca1  GPIO_IF_LedToggle                     
20008ccf  GPIO_IF_GetPortNPin                   
20008d15  GPIO_IF_ConfigureNIntEnable           
20008d5d  GPIO_IF_Set                           
20008da1  GPIO_IF_Get                           
20008e73  I2C_IF_Write                          
20008f23  I2C_IF_Read                           
20008fdf  I2C_IF_ReadFrom                       
20009025  I2C_IF_Open                           
2000908b  I2C_IF_Close                          
200090a1  sl_WlanConnect                        
20009321  InitTerm                              
2000933f  Message                               
20009361  ClearTerm                             
2000936b  Error                                 
200093a3  GetCmd                                
20009449  TrimSpace                             
200094e1  Report                                
20009a59  _SlDrvDataReadOp                      
20009c3d  _SlDrvReleasePoolObj                  
20009fdd  __aeabi_dsub                          
20009fe7  __aeabi_dadd                          
2000a193  __aeabi_idiv0                         
2000a193  __aeabi_ldiv0                         
2000a195  _SlDrvDriverCBInit                    
2000a4e5  _SlDrvWaitForPoolObj                  
2000a675  sl_Connect                            
2000a801  PRCMCC3200MCUInit                     
2000aae9  _SlDrvDataWriteOp                     
2000ac39  PinMuxConfig                          
2000ad81  spi_Open                              
2000b00d  sl_NetAppDnsGetHostByName             
2000b28d  __aeabi_ddiv                          
2000b3c5  sl_Send                               
2000b4f9  _SlDrvDriverCBDeinit                  
2000b74d  aligned_alloc                         
2000b74d  memalign                              
2000b865  ldexp                                 
2000b865  ldexpl                                
2000b865  scalbn                                
2000b865  scalbnl                               
2000b975  strtoul                               
2000ba85  _SlDrvNetAppEventHandler              
2000bb89  __aeabi_dmul                          
2000bc85  sl_Start                              
2000bd75  sl_Stop                               
2000be65  spi_Read                              
2000bf55  uDMAChannelTransferSet                
2000c12d  _SlDrvMsgReadSpawnCtx                 
2000c215  realloc                               
2000c2fd  free                                  
2000c3e1  sl_NetAppMDNSRegisterUnregisterService
2000c5a1  _sl_HandleAsync_DnsGetHostByService   
2000c66d  sl_DevGet                             
2000c7fd  _SlDrvCmdOp                           
2000c971  _SlNonOsSemGet                        
2000ca21  IntDisable                            
2000cac9  IntEnable                             
2000cb71  _SlDriverHandleError                  
2000cc15  SPIConfigSetExpClk                    
2000ccb5  sl_Recv                               
2000cd55  __aeabi_memcpy                        
2000cd55  __aeabi_memcpy4                       
2000cd55  __aeabi_memcpy8                       
2000cd55  memcpy                                
2000cdf1  _SlDrvDeviceEventHandler              
2000ce8d  sl_DevSet                             
2000cf25  sl_NetCfgSet                          
2000cfbd  sl_SetSockOpt                         
2000d055  sl_WlanSet                            
2000d0ed  spi_Write                             
2000d185  __aeabi_uldivmod                      
2000d21d  PRCMPeripheralClockGet                
2000d2b1  _sl_HandleAsync_DnsGetHostByName      
2000d341  _sl_HandleAsync_PingResponse          
2000d3d1  sl_WlanPolicySet                      
2000d579  _SlDrvIsTimeoutExpired                
2000d605  _sl_HandleAsync_InitComplete          
2000d691  sl_Socket                             
2000d71d  PinConfigSet                          
2000d7a5  __aeabi_cdcmpeq                       
2000d7a5  __aeabi_cdcmple                       
2000d82b  __aeabi_cdrcmple                      
2000d8b1  I2CMasterInitExpClk                   
2000d935  NwpPowerOnPreamble                    
2000d9b9  sl_WlanRxFilterSet                    
2000da3d  GPIOIntTypeSet                        
2000dac1  _sl_HandleAsync_Connect               
2000dc41  __aeabi_memclr                        
2000dc41  __aeabi_memclr4                       
2000dc41  __aeabi_memclr8                       
2000dc43  __aeabi_memset                        
2000dc43  __aeabi_memset4                       
2000dc43  __aeabi_memset8                       
2000dc49  memset                                
2000dcbd  spi_Close                             
2000dd35  UARTConfigSetExpClk                   
2000ddad  _SlNonOsMainLoopTask                  
2000df01  _SlDrvCmdSend                         
2000df6d  _sl_NetAppSendTokenValue              
2000dfd9  __TI_decompress_lzss                  
2000e041  _SlNonOsSpawn                         
2000e0a5  _sl_HandleAsync_Accept                
2000e109  frexp                                 
2000e109  frexpl                                
2000e16d  sl_NetAppMDNSUnRegisterService        
2000e1d1  uDMAChannelAttributeDisable           
2000e235  uDMAChannelAttributeEnable            
2000e299  sl_Close                              
2000e2f9  sl_WlanProfileDel                     
2000e359  sl_WlanSetMode                        
2000e3b9  IntPendClear                          
2000e411  PRCMPeripheralReset                   
2000e4c1  IntPrioritySet                        
2000e515  _SlDrvRxIrqHandler                    
2000e569  _sl_HandleAsync_Select                
2000e5bd  ltoa                                  
2000e665  _sl_HandleAsync_Stop                  
2000e6b5  SPIIntEnable                          
2000e74d  _SlDrvProtectAsyncRespSetting         
2000e7e5  atoi                                  
2000e831  uDMAChannelAssign                     
2000e8c5  SPIIntClear                           
2000e90d  _SlDrvBasicCmd                        
2000e955  __aeabi_d2iz                          
2000e9e1  TimerConfigure                        
2000ea25  _SlDrvHandleHttpServerEvents          
2000ea69  _SlDrvSyncObjWaitTimeout              
2000eaad  __TI_auto_init_nobinit_nopinit        
2000eb35  sl_Htonl                              
2000eb79  PinModeSet                            
2000ebb9  _SlDrvHandleNetAppEvents              
2000ebf9  _SlDrvHandleWlanEvents                
2000ec79  sprintf                               
2000ecb9  strtok                                
2000ecf9  vsnprintf                             
2000ed39  NwpRegisterInterruptHandler           
2000edf1  PRCMPeripheralClkEnable               
2000ee2d  simplelink_timerA2_start              
2000ee69  sl_Htons                              
2000eea5  uDMAChannelControlSet                 
2000eee1  NwpPowerOff                           
2000ef19  sl_WlanDisconnect                     
2000ef51  GPIODirModeSet                        
2000ef89  NwpPowerOn                            
2000efbd  PRCMPeripheralStatusGet               
2000eff1  SPIFIFOLevelSet                       
2000f025  _c_int00_noargs                       
2000f059  PinTypeGPIO                           
2000f089  UARTDisable                           
2000f0e9  __aeabi_i2d                           
2000f117  I2CMasterErr                          
2000f145  PRCMSysResetCauseGet                  
2000f19d  _SlDrvProtectionObjLockWaitForever    
2000f1c9  TimerLoadSet                          
2000f1f3  TimerPrescaleSet                      
2000f21d  strspn                                
2000f249  PRCMPeripheralClkDisable              
2000f271  _SlDrvGlobalObjUnLock                 
2000f299  _SlDrvProtectionObjUnLock             
2000f2c1  _SlDrvSyncObjWaitForever              
2000f311  _SlDrvObjLockWaitForever              
2000f337  sl_Provisioning_HttpServerEventHdl    
2000f345  sl_Provisioning_NetAppEventHdl        
2000f351  sl_Provisioning_WlanEventHdl          
2000f35d  DmaSpiSwIntHandler                    
2000f381  IntUnregister                         
2000f3a5  UARTEnable                            
2000f3c9  memmove                               
2000f3ed  strcspn                               
2000f411  I2CMasterSlaveAddrSet                 
2000f433  SPIReset                              
2000f455  SPIWordCountSet                       
2000f477  GPIOPinWrite                          
2000f499  IntRegister                           
2000f4b9  NwpPrePowerOffTimout0                 
2000f4d9  SPIDataGet                            
2000f4f9  TimerGetCurrentTimestamp              
2000f519  _SlDrvObjUnLock                       
2000f539  _SlDrvSyncObjSignal                   
2000f559  GPIOIntRegister                       
2000f577  I2CMasterIntStatusEx                  
2000f595  SPIDataPut                            
2000f5b3  TimerEnable                           
2000f5d1  UARTCharPut                           
2000f60d  PinTypeI2C                            
2000f629  TimerValueGet                         
2000f645  UARTCharGetNonBlocking                
2000f661  _SlDrvStartMeasureTimeout             
2000f67d  __TI_zero_init_nomemset               
2000f6b5  memccpy                               
2000f6d1  uDMAChannelEnable                     
2000f6ed  GPIOIntEnable                         
2000f707  PinTypeSPI                            
2000f721  PinTypeUART                           
2000f73b  SPIDmaDisable                         
2000f755  SPIDmaEnable                          
2000f76f  SPIFIFODisable                        
2000f789  SPIFIFOEnable                         
2000f7a3  SPIIntUnregister                      
2000f7bd  copysign                              
2000f7bd  copysignl                             
2000f7d7  GPIOPinRead                           
2000f7ef  I2CMasterIntEnableEx                  
2000f807  SPICSDisable                          
2000f81f  SPICSEnable                           
2000f837  SPIDisable                            
2000f84f  SPIEnable                             
2000f867  UARTCharsAvail                        
2000f87f  _SlNonOsSemSet                        
2000f8e1  I2CMasterDataPut                      
2000f8f7  I2CMasterEnable                       
2000f90d  PRCMHIBRegRead                        
2000f923  PRCMHIBRegWrite                       
2000f939  _SlDrvMemZero                         
2000f94f  strchr                                
2000f965  CPUcpsie                              
2000f979  GPIOIntClear                          
2000f98d  IntVTableBaseSet                      
2000f9a1  strcpy                                
2000f9b5  strlen                                
2000f9c9  I2CMasterControl                      
2000f9db  I2CMasterIntClearEx                   
2000f9ed  I2CMasterTimeoutSet                   
2000f9ff  wcslen                                
2000fa11  _SlDrvDispatchHttpServerEvents        
2000fa21  I2CMasterDataGet                      
2000fa2f  _SlDrvResetCmdExt                     
2000fa3d  __TI_decompress_none                  
2000fa4b  ResetISR                              
2000fa59  NwpMaskInterrupt                      
2000fa65  NwpUnMaskInterrupt                    
2000fa71  IntMasterEnable                       
2000fa85  __aeabi_errno_addr                    
2000fa8d  malloc                                
2000fa95  UtilsDelay                            
2000fa9b  _system_pre_init                      
2000fa9f  C$$EXIT                               
2000fa9f  abort                                 
2000ff9f  _ctypes_                              
2001031c  OpcodeTranslateTable                  
20010358  _SlActionLookupTable                  
20010582  _SlNetAppSendTokenValueCmdCtrl        
200105c8  __TI_static_base__                    
2001060c  __TI_Handler_Table_Base               
20010618  __TI_Handler_Table_Limit              
20010620  __TI_CINIT_Base                       
20010630  __TI_CINIT_Limit                      
20017000  _sys_memory                           
2001f168  g_ucDinDout                           
2001f1b8  g_time                                
2001f1e4  g_ucConnectionSSID                    
2001f208  g_ucConnectionBSSID                   
2001f214  RxIrqCnt                              
2001f215  g_bDeviceRestartIsRequired            
2001f216  g_cDummy                              
2001f217  g_ucLED1Pin                           
2001f218  g_ucLED2Pin                           
2001f219  g_ucLED3Pin                           
2001f21c  g__SlNonOsCB                          
2001f258  cursor_x                              
2001f25c  cursor_y                              
2001f260  textsize                              
2001f264  textcolor                             
2001f268  textbgcolor                           
2001f26c  wrap                                  
2001f284  g_ulStatus                            
2001f288  g_ulPingPacketsRecv                   
2001f28c  g_ulGatewayIP                         
2001f290  g_Host                                
2001f294  g_SlDeviceStatus                      
2001f298  g_pCB                                 
2001f29c  pPingCallBackFunc                     
2001f2a4  g_uiLED1Port                          
2001f2a8  g_uiLED2Port                          
2001f2ac  g_uiLED3Port                          
2001f2b0  g_SpiFd                               
2001f2b4  g_pHostIntHdl                         
2001f2b8  g_ucDMAEnabled                        
2001f2bc  _lock                                 
2001f2c0  _unlock                               
2001f2cc  errno                                 
2002f000  __stack                               
20030000  __STACK_END                           
ffffffff  __TI_pprof_out_hndl                   
ffffffff  __TI_prof_data_size                   
ffffffff  __TI_prof_data_start                  
ffffffff  __binit__                             
ffffffff  __c_args__                            
ffffffff  binit                                 
UNDEFED   __mpu_init                            
UNDEFED   _system_post_cinit                    

[349 symbols]
