<?xml version="1.0" encoding="ISO-8859-1" ?>
<link_info>
   <banner>TI ARM Linker PC v18.12.4.LTS</banner>
   <copyright>Copyright (c) 1996-2018 Texas Instruments Incorporated</copyright>
   <link_time>0x5edf2438</link_time>
   <link_errors>0x0</link_errors>
   <output_file>lab4.out</output_file>
   <entry_point>
      <name>_c_int00_noargs</name>
      <address>0x2000f025</address>
   </entry_point>
   <input_file_list>
      <input_file id="fl-2">
         <path>.\</path>
         <kind>object</kind>
         <file>Adafruit_GFX.obj</file>
         <name>Adafruit_GFX.obj</name>
      </input_file>
      <input_file id="fl-3">
         <path>.\</path>
         <kind>object</kind>
         <file>Adafruit_OLED.obj</file>
         <name>Adafruit_OLED.obj</name>
      </input_file>
      <input_file id="fl-4">
         <path>.\</path>
         <kind>object</kind>
         <file>gpio_if.obj</file>
         <name>gpio_if.obj</name>
      </input_file>
      <input_file id="fl-5">
         <path>.\</path>
         <kind>object</kind>
         <file>i2c_if.obj</file>
         <name>i2c_if.obj</name>
      </input_file>
      <input_file id="fl-6">
         <path>.\</path>
         <kind>object</kind>
         <file>main.obj</file>
         <name>main.obj</name>
      </input_file>
      <input_file id="fl-7">
         <path>.\</path>
         <kind>object</kind>
         <file>network_common.obj</file>
         <name>network_common.obj</name>
      </input_file>
      <input_file id="fl-8">
         <path>.\</path>
         <kind>object</kind>
         <file>pin_mux_config.obj</file>
         <name>pin_mux_config.obj</name>
      </input_file>
      <input_file id="fl-9">
         <path>.\</path>
         <kind>object</kind>
         <file>startup_ccs.obj</file>
         <name>startup_ccs.obj</name>
      </input_file>
      <input_file id="fl-a">
         <path>.\</path>
         <kind>object</kind>
         <file>test.obj</file>
         <name>test.obj</name>
      </input_file>
      <input_file id="fl-b">
         <path>.\</path>
         <kind>object</kind>
         <file>uart_if.obj</file>
         <name>uart_if.obj</name>
      </input_file>
      <input_file id="fl-11">
         <kind>object</kind>
         <file>&lt;internal&gt;</file>
         <name>&lt;internal&gt;</name>
      </input_file>
      <input_file id="fl-12">
         <path>C:\TI\CC3200SDK_1.5.0\cc3200-sdk\simplelink\ccs\NON_OS_debug\</path>
         <kind>archive</kind>
         <file>simplelink.a</file>
         <name>device.obj</name>
      </input_file>
      <input_file id="fl-13">
         <path>C:\TI\CC3200SDK_1.5.0\cc3200-sdk\simplelink\ccs\NON_OS_debug\</path>
         <kind>archive</kind>
         <file>simplelink.a</file>
         <name>driver.obj</name>
      </input_file>
      <input_file id="fl-14">
         <path>C:\TI\CC3200SDK_1.5.0\cc3200-sdk\simplelink\ccs\NON_OS_debug\</path>
         <kind>archive</kind>
         <file>simplelink.a</file>
         <name>netapp.obj</name>
      </input_file>
      <input_file id="fl-15">
         <path>C:\TI\CC3200SDK_1.5.0\cc3200-sdk\simplelink\ccs\NON_OS_debug\</path>
         <kind>archive</kind>
         <file>simplelink.a</file>
         <name>netcfg.obj</name>
      </input_file>
      <input_file id="fl-16">
         <path>C:\TI\CC3200SDK_1.5.0\cc3200-sdk\simplelink\ccs\NON_OS_debug\</path>
         <kind>archive</kind>
         <file>simplelink.a</file>
         <name>nonos.obj</name>
      </input_file>
      <input_file id="fl-17">
         <path>C:\TI\CC3200SDK_1.5.0\cc3200-sdk\simplelink\ccs\NON_OS_debug\</path>
         <kind>archive</kind>
         <file>simplelink.a</file>
         <name>socket.obj</name>
      </input_file>
      <input_file id="fl-18">
         <path>C:\TI\CC3200SDK_1.5.0\cc3200-sdk\simplelink\ccs\NON_OS_debug\</path>
         <kind>archive</kind>
         <file>simplelink.a</file>
         <name>wlan.obj</name>
      </input_file>
      <input_file id="fl-19">
         <path>C:\TI\CC3200SDK_1.5.0\cc3200-sdk\simplelink\ccs\NON_OS_debug\</path>
         <kind>archive</kind>
         <file>simplelink.a</file>
         <name>cc_pal.obj</name>
      </input_file>
      <input_file id="fl-1a">
         <path>C:\TI\CC3200SDK_1.5.0\cc3200-sdk\driverlib\ccs\Release\</path>
         <kind>archive</kind>
         <file>driverlib.a</file>
         <name>gpio.obj</name>
      </input_file>
      <input_file id="fl-1b">
         <path>C:\TI\CC3200SDK_1.5.0\cc3200-sdk\driverlib\ccs\Release\</path>
         <kind>archive</kind>
         <file>driverlib.a</file>
         <name>i2c.obj</name>
      </input_file>
      <input_file id="fl-1c">
         <path>C:\TI\CC3200SDK_1.5.0\cc3200-sdk\driverlib\ccs\Release\</path>
         <kind>archive</kind>
         <file>driverlib.a</file>
         <name>interrupt.obj</name>
      </input_file>
      <input_file id="fl-1d">
         <path>C:\TI\CC3200SDK_1.5.0\cc3200-sdk\driverlib\ccs\Release\</path>
         <kind>archive</kind>
         <file>driverlib.a</file>
         <name>pin.obj</name>
      </input_file>
      <input_file id="fl-1e">
         <path>C:\TI\CC3200SDK_1.5.0\cc3200-sdk\driverlib\ccs\Release\</path>
         <kind>archive</kind>
         <file>driverlib.a</file>
         <name>prcm.obj</name>
      </input_file>
      <input_file id="fl-1f">
         <path>C:\TI\CC3200SDK_1.5.0\cc3200-sdk\driverlib\ccs\Release\</path>
         <kind>archive</kind>
         <file>driverlib.a</file>
         <name>spi.obj</name>
      </input_file>
      <input_file id="fl-20">
         <path>C:\TI\CC3200SDK_1.5.0\cc3200-sdk\driverlib\ccs\Release\</path>
         <kind>archive</kind>
         <file>driverlib.a</file>
         <name>timer.obj</name>
      </input_file>
      <input_file id="fl-21">
         <path>C:\TI\CC3200SDK_1.5.0\cc3200-sdk\driverlib\ccs\Release\</path>
         <kind>archive</kind>
         <file>driverlib.a</file>
         <name>uart.obj</name>
      </input_file>
      <input_file id="fl-22">
         <path>C:\TI\CC3200SDK_1.5.0\cc3200-sdk\driverlib\ccs\Release\</path>
         <kind>archive</kind>
         <file>driverlib.a</file>
         <name>udma.obj</name>
      </input_file>
      <input_file id="fl-23">
         <path>C:\TI\CC3200SDK_1.5.0\cc3200-sdk\driverlib\ccs\Release\</path>
         <kind>archive</kind>
         <file>driverlib.a</file>
         <name>utils.obj</name>
      </input_file>
      <input_file id="fl-24">
         <path>C:\TI\CC3200SDK_1.5.0\cc3200-sdk\driverlib\ccs\Release\</path>
         <kind>archive</kind>
         <file>driverlib.a</file>
         <name>cpu.obj</name>
      </input_file>
      <input_file id="fl-25">
         <path>C:\TI\CC3200SDK_1.5.0\cc3200-sdk\driverlib\ccs\Release\</path>
         <kind>archive</kind>
         <file>driverlib.a</file>
         <name>flash.obj</name>
      </input_file>
      <input_file id="fl-db">
         <path>C:\ti\ccs930\ccs\tools\compiler\ti-cgt-arm_18.12.4.LTS\lib\</path>
         <kind>archive</kind>
         <file>rtsv7M4_T_le_v4SPD16_eabi.lib</file>
         <name>sprintf.c.obj</name>
      </input_file>
      <input_file id="fl-dc">
         <path>C:\ti\ccs930\ccs\tools\compiler\ti-cgt-arm_18.12.4.LTS\lib\</path>
         <kind>archive</kind>
         <file>rtsv7M4_T_le_v4SPD16_eabi.lib</file>
         <name>vsnprintf.c.obj</name>
      </input_file>
      <input_file id="fl-dd">
         <path>C:\ti\ccs930\ccs\tools\compiler\ti-cgt-arm_18.12.4.LTS\lib\</path>
         <kind>archive</kind>
         <file>rtsv7M4_T_le_v4SPD16_eabi.lib</file>
         <name>fd_cmp_t2.asm.obj</name>
      </input_file>
      <input_file id="fl-de">
         <path>C:\ti\ccs930\ccs\tools\compiler\ti-cgt-arm_18.12.4.LTS\lib\</path>
         <kind>archive</kind>
         <file>rtsv7M4_T_le_v4SPD16_eabi.lib</file>
         <name>fd_div_t2.asm.obj</name>
      </input_file>
      <input_file id="fl-df">
         <path>C:\ti\ccs930\ccs\tools\compiler\ti-cgt-arm_18.12.4.LTS\lib\</path>
         <kind>archive</kind>
         <file>rtsv7M4_T_le_v4SPD16_eabi.lib</file>
         <name>fd_toi_t2.asm.obj</name>
      </input_file>
      <input_file id="fl-e0">
         <path>C:\ti\ccs930\ccs\tools\compiler\ti-cgt-arm_18.12.4.LTS\lib\</path>
         <kind>archive</kind>
         <file>rtsv7M4_T_le_v4SPD16_eabi.lib</file>
         <name>i_tofd_t2.asm.obj</name>
      </input_file>
      <input_file id="fl-e1">
         <path>C:\ti\ccs930\ccs\tools\compiler\ti-cgt-arm_18.12.4.LTS\lib\</path>
         <kind>archive</kind>
         <file>rtsv7M4_T_le_v4SPD16_eabi.lib</file>
         <name>memcpy_t2.asm.obj</name>
      </input_file>
      <input_file id="fl-e2">
         <path>C:\ti\ccs930\ccs\tools\compiler\ti-cgt-arm_18.12.4.LTS\lib\</path>
         <kind>archive</kind>
         <file>rtsv7M4_T_le_v4SPD16_eabi.lib</file>
         <name>ull_div_t2.asm.obj</name>
      </input_file>
      <input_file id="fl-e3">
         <path>C:\ti\ccs930\ccs\tools\compiler\ti-cgt-arm_18.12.4.LTS\lib\</path>
         <kind>archive</kind>
         <file>rtsv7M4_T_le_v4SPD16_eabi.lib</file>
         <name>memset_t2.asm.obj</name>
      </input_file>
      <input_file id="fl-e4">
         <path>C:\ti\ccs930\ccs\tools\compiler\ti-cgt-arm_18.12.4.LTS\lib\</path>
         <kind>archive</kind>
         <file>rtsv7M4_T_le_v4SPD16_eabi.lib</file>
         <name>copy_zero_init.c.obj</name>
      </input_file>
      <input_file id="fl-e5">
         <path>C:\ti\ccs930\ccs\tools\compiler\ti-cgt-arm_18.12.4.LTS\lib\</path>
         <kind>archive</kind>
         <file>rtsv7M4_T_le_v4SPD16_eabi.lib</file>
         <name>copy_decompress_none.c.obj</name>
      </input_file>
      <input_file id="fl-e6">
         <path>C:\ti\ccs930\ccs\tools\compiler\ti-cgt-arm_18.12.4.LTS\lib\</path>
         <kind>archive</kind>
         <file>rtsv7M4_T_le_v4SPD16_eabi.lib</file>
         <name>copy_decompress_lzss.c.obj</name>
      </input_file>
      <input_file id="fl-e7">
         <path>C:\ti\ccs930\ccs\tools\compiler\ti-cgt-arm_18.12.4.LTS\lib\</path>
         <kind>archive</kind>
         <file>rtsv7M4_T_le_v4SPD16_eabi.lib</file>
         <name>memmov.c.obj</name>
      </input_file>
      <input_file id="fl-e8">
         <path>C:\ti\ccs930\ccs\tools\compiler\ti-cgt-arm_18.12.4.LTS\lib\</path>
         <kind>archive</kind>
         <file>rtsv7M4_T_le_v4SPD16_eabi.lib</file>
         <name>memory.c.obj</name>
      </input_file>
      <input_file id="fl-e9">
         <path>C:\ti\ccs930\ccs\tools\compiler\ti-cgt-arm_18.12.4.LTS\lib\</path>
         <kind>archive</kind>
         <file>rtsv7M4_T_le_v4SPD16_eabi.lib</file>
         <name>strcpy.c.obj</name>
      </input_file>
      <input_file id="fl-ea">
         <path>C:\ti\ccs930\ccs\tools\compiler\ti-cgt-arm_18.12.4.LTS\lib\</path>
         <kind>archive</kind>
         <file>rtsv7M4_T_le_v4SPD16_eabi.lib</file>
         <name>strlen.c.obj</name>
      </input_file>
      <input_file id="fl-eb">
         <path>C:\ti\ccs930\ccs\tools\compiler\ti-cgt-arm_18.12.4.LTS\lib\</path>
         <kind>archive</kind>
         <file>rtsv7M4_T_le_v4SPD16_eabi.lib</file>
         <name>strtok.c.obj</name>
      </input_file>
      <input_file id="fl-ec">
         <path>C:\ti\ccs930\ccs\tools\compiler\ti-cgt-arm_18.12.4.LTS\lib\</path>
         <kind>archive</kind>
         <file>rtsv7M4_T_le_v4SPD16_eabi.lib</file>
         <name>strtoul.c.obj</name>
      </input_file>
      <input_file id="fl-ed">
         <path>C:\ti\ccs930\ccs\tools\compiler\ti-cgt-arm_18.12.4.LTS\lib\</path>
         <kind>archive</kind>
         <file>rtsv7M4_T_le_v4SPD16_eabi.lib</file>
         <name>boot_cortex_m.c.obj</name>
      </input_file>
      <input_file id="fl-ee">
         <path>C:\ti\ccs930\ccs\tools\compiler\ti-cgt-arm_18.12.4.LTS\lib\</path>
         <kind>archive</kind>
         <file>rtsv7M4_T_le_v4SPD16_eabi.lib</file>
         <name>errno.c.obj</name>
      </input_file>
      <input_file id="fl-ef">
         <path>C:\ti\ccs930\ccs\tools\compiler\ti-cgt-arm_18.12.4.LTS\lib\</path>
         <kind>archive</kind>
         <file>rtsv7M4_T_le_v4SPD16_eabi.lib</file>
         <name>_printfi.c.obj</name>
      </input_file>
      <input_file id="fl-f0">
         <path>C:\ti\ccs930\ccs\tools\compiler\ti-cgt-arm_18.12.4.LTS\lib\</path>
         <kind>archive</kind>
         <file>rtsv7M4_T_le_v4SPD16_eabi.lib</file>
         <name>div0.asm.obj</name>
      </input_file>
      <input_file id="fl-f1">
         <path>C:\ti\ccs930\ccs\tools\compiler\ti-cgt-arm_18.12.4.LTS\lib\</path>
         <kind>archive</kind>
         <file>rtsv7M4_T_le_v4SPD16_eabi.lib</file>
         <name>fd_add_t2.asm.obj</name>
      </input_file>
      <input_file id="fl-f2">
         <path>C:\ti\ccs930\ccs\tools\compiler\ti-cgt-arm_18.12.4.LTS\lib\</path>
         <kind>archive</kind>
         <file>rtsv7M4_T_le_v4SPD16_eabi.lib</file>
         <name>fd_mul_t2.asm.obj</name>
      </input_file>
      <input_file id="fl-f3">
         <path>C:\ti\ccs930\ccs\tools\compiler\ti-cgt-arm_18.12.4.LTS\lib\</path>
         <kind>archive</kind>
         <file>rtsv7M4_T_le_v4SPD16_eabi.lib</file>
         <name>autoinit.c.obj</name>
      </input_file>
      <input_file id="fl-f4">
         <path>C:\ti\ccs930\ccs\tools\compiler\ti-cgt-arm_18.12.4.LTS\lib\</path>
         <kind>archive</kind>
         <file>rtsv7M4_T_le_v4SPD16_eabi.lib</file>
         <name>pre_init.c.obj</name>
      </input_file>
      <input_file id="fl-f5">
         <path>C:\ti\ccs930\ccs\tools\compiler\ti-cgt-arm_18.12.4.LTS\lib\</path>
         <kind>archive</kind>
         <file>rtsv7M4_T_le_v4SPD16_eabi.lib</file>
         <name>cpy_tbl.c.obj</name>
      </input_file>
      <input_file id="fl-f6">
         <path>C:\ti\ccs930\ccs\tools\compiler\ti-cgt-arm_18.12.4.LTS\lib\</path>
         <kind>archive</kind>
         <file>rtsv7M4_T_le_v4SPD16_eabi.lib</file>
         <name>exit.c.obj</name>
      </input_file>
      <input_file id="fl-f7">
         <path>C:\ti\ccs930\ccs\tools\compiler\ti-cgt-arm_18.12.4.LTS\lib\</path>
         <kind>archive</kind>
         <file>rtsv7M4_T_le_v4SPD16_eabi.lib</file>
         <name>_lock.c.obj</name>
      </input_file>
      <input_file id="fl-f8">
         <path>C:\ti\ccs930\ccs\tools\compiler\ti-cgt-arm_18.12.4.LTS\lib\</path>
         <kind>archive</kind>
         <file>rtsv7M4_T_le_v4SPD16_eabi.lib</file>
         <name>args_main.c.obj</name>
      </input_file>
      <input_file id="fl-f9">
         <path>C:\ti\ccs930\ccs\tools\compiler\ti-cgt-arm_18.12.4.LTS\lib\</path>
         <kind>archive</kind>
         <file>rtsv7M4_T_le_v4SPD16_eabi.lib</file>
         <name>atoi.c.obj</name>
      </input_file>
      <input_file id="fl-fa">
         <path>C:\ti\ccs930\ccs\tools\compiler\ti-cgt-arm_18.12.4.LTS\lib\</path>
         <kind>archive</kind>
         <file>rtsv7M4_T_le_v4SPD16_eabi.lib</file>
         <name>ctype.c.obj</name>
      </input_file>
      <input_file id="fl-fb">
         <path>C:\ti\ccs930\ccs\tools\compiler\ti-cgt-arm_18.12.4.LTS\lib\</path>
         <kind>archive</kind>
         <file>rtsv7M4_T_le_v4SPD16_eabi.lib</file>
         <name>ltoa.c.obj</name>
      </input_file>
      <input_file id="fl-fc">
         <path>C:\ti\ccs930\ccs\tools\compiler\ti-cgt-arm_18.12.4.LTS\lib\</path>
         <kind>archive</kind>
         <file>rtsv7M4_T_le_v4SPD16_eabi.lib</file>
         <name>memccpy.c.obj</name>
      </input_file>
      <input_file id="fl-fd">
         <path>C:\ti\ccs930\ccs\tools\compiler\ti-cgt-arm_18.12.4.LTS\lib\</path>
         <kind>archive</kind>
         <file>rtsv7M4_T_le_v4SPD16_eabi.lib</file>
         <name>strchr.c.obj</name>
      </input_file>
      <input_file id="fl-fe">
         <path>C:\ti\ccs930\ccs\tools\compiler\ti-cgt-arm_18.12.4.LTS\lib\</path>
         <kind>archive</kind>
         <file>rtsv7M4_T_le_v4SPD16_eabi.lib</file>
         <name>strcspn.c.obj</name>
      </input_file>
      <input_file id="fl-ff">
         <path>C:\ti\ccs930\ccs\tools\compiler\ti-cgt-arm_18.12.4.LTS\lib\</path>
         <kind>archive</kind>
         <file>rtsv7M4_T_le_v4SPD16_eabi.lib</file>
         <name>strspn.c.obj</name>
      </input_file>
      <input_file id="fl-100">
         <path>C:\ti\ccs930\ccs\tools\compiler\ti-cgt-arm_18.12.4.LTS\lib\</path>
         <kind>archive</kind>
         <file>rtsv7M4_T_le_v4SPD16_eabi.lib</file>
         <name>wcslen.c.obj</name>
      </input_file>
      <input_file id="fl-101">
         <path>C:\ti\ccs930\ccs\tools\compiler\ti-cgt-arm_18.12.4.LTS\lib\</path>
         <kind>archive</kind>
         <file>rtsv7M4_T_le_v4SPD16_eabi.lib</file>
         <name>s_frexp.c.obj</name>
      </input_file>
      <input_file id="fl-102">
         <path>C:\ti\ccs930\ccs\tools\compiler\ti-cgt-arm_18.12.4.LTS\lib\</path>
         <kind>archive</kind>
         <file>rtsv7M4_T_le_v4SPD16_eabi.lib</file>
         <name>s_scalbn.c.obj</name>
      </input_file>
      <input_file id="fl-103">
         <path>C:\ti\ccs930\ccs\tools\compiler\ti-cgt-arm_18.12.4.LTS\lib\</path>
         <kind>archive</kind>
         <file>rtsv7M4_T_le_v4SPD16_eabi.lib</file>
         <name>s_copysign.c.obj</name>
      </input_file>
   </input_file_list>
   <object_component_list>
      <object_component id="oc-f">
         <name>.intvecs</name>
         <load_address>0x20004000</load_address>
         <run_address>0x20004000</run_address>
         <size>0x400</size>
         <input_file_ref idref="fl-9"/>
      </object_component>
      <object_component id="oc-94">
         <name>.text</name>
         <load_address>0x20004400</load_address>
         <run_address>0x20004400</run_address>
         <size>0x21e8</size>
         <input_file_ref idref="fl-6"/>
      </object_component>
      <object_component id="oc-1c3">
         <name>.text</name>
         <load_address>0x200065e8</load_address>
         <run_address>0x200065e8</run_address>
         <size>0xacc</size>
         <input_file_ref idref="fl-2"/>
      </object_component>
      <object_component id="oc-4ee">
         <name>.text:__TI_printfi</name>
         <load_address>0x200070b4</load_address>
         <run_address>0x200070b4</run_address>
         <size>0xa4e</size>
         <input_file_ref idref="fl-ef"/>
      </object_component>
      <object_component id="oc-7de">
         <name>.text:IntDefaultHandler</name>
         <load_address>0x20007b02</load_address>
         <run_address>0x20007b02</run_address>
         <size>0x2</size>
         <input_file_ref idref="fl-1c"/>
      </object_component>
      <object_component id="oc-7f0">
         <name>.text:_SlDrvMsgRead</name>
         <load_address>0x20007b04</load_address>
         <run_address>0x20007b04</run_address>
         <size>0x590</size>
         <input_file_ref idref="fl-13"/>
      </object_component>
      <object_component id="oc-1c9">
         <name>.text</name>
         <load_address>0x20008094</load_address>
         <run_address>0x20008094</run_address>
         <size>0x544</size>
         <input_file_ref idref="fl-a"/>
      </object_component>
      <object_component id="oc-1bc">
         <name>.text</name>
         <load_address>0x200085d8</load_address>
         <run_address>0x200085d8</run_address>
         <size>0x47a</size>
         <input_file_ref idref="fl-3"/>
      </object_component>
      <object_component id="oc-760">
         <name>.text:_nop</name>
         <load_address>0x20008a52</load_address>
         <run_address>0x20008a52</run_address>
         <size>0x2</size>
         <input_file_ref idref="fl-f7"/>
      </object_component>
      <object_component id="oc-154">
         <name>.text</name>
         <load_address>0x20008a54</load_address>
         <run_address>0x20008a54</run_address>
         <size>0x398</size>
         <input_file_ref idref="fl-4"/>
      </object_component>
      <object_component id="oc-ce">
         <name>.text</name>
         <load_address>0x20008dec</load_address>
         <run_address>0x20008dec</run_address>
         <size>0x2b4</size>
         <input_file_ref idref="fl-5"/>
      </object_component>
      <object_component id="oc-14e">
         <name>.text:sl_WlanConnect</name>
         <load_address>0x200090a0</load_address>
         <run_address>0x200090a0</run_address>
         <size>0x280</size>
         <input_file_ref idref="fl-18"/>
      </object_component>
      <object_component id="oc-d4">
         <name>.text</name>
         <load_address>0x20009320</load_address>
         <run_address>0x20009320</run_address>
         <size>0x280</size>
         <input_file_ref idref="fl-b"/>
      </object_component>
      <object_component id="oc-724">
         <name>.text:_pconv_a</name>
         <load_address>0x200095a0</load_address>
         <run_address>0x200095a0</run_address>
         <size>0x270</size>
         <input_file_ref idref="fl-ef"/>
      </object_component>
      <object_component id="oc-8a9">
         <name>.text:_SlDrvRxHdrRead</name>
         <load_address>0x20009810</load_address>
         <run_address>0x20009810</run_address>
         <size>0x248</size>
         <input_file_ref idref="fl-13"/>
      </object_component>
      <object_component id="oc-516">
         <name>.text:_SlDrvDataReadOp</name>
         <load_address>0x20009a58</load_address>
         <run_address>0x20009a58</run_address>
         <size>0x1e4</size>
         <input_file_ref idref="fl-13"/>
      </object_component>
      <object_component id="oc-363">
         <name>.text:_SlDrvReleasePoolObj</name>
         <load_address>0x20009c3c</load_address>
         <run_address>0x20009c3c</run_address>
         <size>0x1d0</size>
         <input_file_ref idref="fl-13"/>
      </object_component>
      <object_component id="oc-712">
         <name>.text:_pconv_g</name>
         <load_address>0x20009e0c</load_address>
         <run_address>0x20009e0c</run_address>
         <size>0x1d0</size>
         <input_file_ref idref="fl-ef"/>
      </object_component>
      <object_component id="oc-835">
         <name>.text</name>
         <load_address>0x20009fdc</load_address>
         <run_address>0x20009fdc</run_address>
         <size>0x1b6</size>
         <input_file_ref idref="fl-f1"/>
      </object_component>
      <object_component id="oc-8e3">
         <name>.text</name>
         <load_address>0x2000a192</load_address>
         <run_address>0x2000a192</run_address>
         <size>0x2</size>
         <input_file_ref idref="fl-f0"/>
      </object_component>
      <object_component id="oc-339">
         <name>.text:_SlDrvDriverCBInit</name>
         <load_address>0x2000a194</load_address>
         <run_address>0x2000a194</run_address>
         <size>0x1b4</size>
         <input_file_ref idref="fl-13"/>
      </object_component>
      <object_component id="oc-66e">
         <name>.text:_SlDrvMsgWrite</name>
         <load_address>0x2000a348</load_address>
         <run_address>0x2000a348</run_address>
         <size>0x19c</size>
         <input_file_ref idref="fl-13"/>
      </object_component>
      <object_component id="oc-454">
         <name>.text:_SlDrvWaitForPoolObj</name>
         <load_address>0x2000a4e4</load_address>
         <run_address>0x2000a4e4</run_address>
         <size>0x190</size>
         <input_file_ref idref="fl-13"/>
      </object_component>
      <object_component id="oc-185">
         <name>.text:sl_Connect</name>
         <load_address>0x2000a674</load_address>
         <run_address>0x2000a674</run_address>
         <size>0x18c</size>
         <input_file_ref idref="fl-17"/>
      </object_component>
      <object_component id="oc-142">
         <name>.text:PRCMCC3200MCUInit</name>
         <load_address>0x2000a800</load_address>
         <run_address>0x2000a800</run_address>
         <size>0x178</size>
         <input_file_ref idref="fl-1e"/>
      </object_component>
      <object_component id="oc-8bb">
         <name>.text:_SlFindAndSetActiveObj</name>
         <load_address>0x2000a978</load_address>
         <run_address>0x2000a978</run_address>
         <size>0x170</size>
         <input_file_ref idref="fl-13"/>
      </object_component>
      <object_component id="oc-508">
         <name>.text:_SlDrvDataWriteOp</name>
         <load_address>0x2000aae8</load_address>
         <run_address>0x2000aae8</run_address>
         <size>0x150</size>
         <input_file_ref idref="fl-13"/>
      </object_component>
      <object_component id="oc-18c">
         <name>.text</name>
         <load_address>0x2000ac38</load_address>
         <run_address>0x2000ac38</run_address>
         <size>0x148</size>
         <input_file_ref idref="fl-8"/>
      </object_component>
      <object_component id="oc-33f">
         <name>.text:spi_Open</name>
         <load_address>0x2000ad80</load_address>
         <run_address>0x2000ad80</run_address>
         <size>0x148</size>
         <input_file_ref idref="fl-19"/>
      </object_component>
      <object_component id="oc-674">
         <name>.text:_SlDrvMsgReadCmdCtx</name>
         <load_address>0x2000aec8</load_address>
         <run_address>0x2000aec8</run_address>
         <size>0x144</size>
         <input_file_ref idref="fl-13"/>
      </object_component>
      <object_component id="oc-167">
         <name>.text:sl_NetAppDnsGetHostByName</name>
         <load_address>0x2000b00c</load_address>
         <run_address>0x2000b00c</run_address>
         <size>0x144</size>
         <input_file_ref idref="fl-14"/>
      </object_component>
      <object_component id="oc-71e">
         <name>.text:_pconv_e</name>
         <load_address>0x2000b150</load_address>
         <run_address>0x2000b150</run_address>
         <size>0x13c</size>
         <input_file_ref idref="fl-ef"/>
      </object_component>
      <object_component id="oc-1da">
         <name>.text</name>
         <load_address>0x2000b28c</load_address>
         <run_address>0x2000b28c</run_address>
         <size>0x136</size>
         <input_file_ref idref="fl-de"/>
      </object_component>
      <object_component id="oc-200">
         <name>.text:sl_Send</name>
         <load_address>0x2000b3c4</load_address>
         <run_address>0x2000b3c4</run_address>
         <size>0x134</size>
         <input_file_ref idref="fl-17"/>
      </object_component>
      <object_component id="oc-3a8">
         <name>.text:_SlDrvDriverCBDeinit</name>
         <load_address>0x2000b4f8</load_address>
         <run_address>0x2000b4f8</run_address>
         <size>0x130</size>
         <input_file_ref idref="fl-13"/>
      </object_component>
      <object_component id="oc-847">
         <name>.text:fcvt</name>
         <load_address>0x2000b628</load_address>
         <run_address>0x2000b628</run_address>
         <size>0x124</size>
         <input_file_ref idref="fl-ef"/>
      </object_component>
      <object_component id="oc-594">
         <name>.text:aligned_alloc</name>
         <load_address>0x2000b74c</load_address>
         <run_address>0x2000b74c</run_address>
         <size>0x118</size>
         <input_file_ref idref="fl-e8"/>
      </object_component>
      <object_component id="oc-85b">
         <name>.text:scalbn</name>
         <load_address>0x2000b864</load_address>
         <run_address>0x2000b864</run_address>
         <size>0x110</size>
         <input_file_ref idref="fl-102"/>
      </object_component>
      <object_component id="oc-c8">
         <name>.text:strtoul</name>
         <load_address>0x2000b974</load_address>
         <run_address>0x2000b974</run_address>
         <size>0x110</size>
         <input_file_ref idref="fl-ec"/>
      </object_component>
      <object_component id="oc-930">
         <name>.text:_SlDrvNetAppEventHandler</name>
         <load_address>0x2000ba84</load_address>
         <run_address>0x2000ba84</run_address>
         <size>0x104</size>
         <input_file_ref idref="fl-14"/>
      </object_component>
      <object_component id="oc-82a">
         <name>.text</name>
         <load_address>0x2000bb88</load_address>
         <run_address>0x2000bb88</run_address>
         <size>0xfc</size>
         <input_file_ref idref="fl-f2"/>
      </object_component>
      <object_component id="oc-e1">
         <name>.text:sl_Start</name>
         <load_address>0x2000bc84</load_address>
         <run_address>0x2000bc84</run_address>
         <size>0xf0</size>
         <input_file_ref idref="fl-12"/>
      </object_component>
      <object_component id="oc-f3">
         <name>.text:sl_Stop</name>
         <load_address>0x2000bd74</load_address>
         <run_address>0x2000bd74</run_address>
         <size>0xf0</size>
         <input_file_ref idref="fl-12"/>
      </object_component>
      <object_component id="oc-8b5">
         <name>.text:spi_Read</name>
         <load_address>0x2000be64</load_address>
         <run_address>0x2000be64</run_address>
         <size>0xf0</size>
         <input_file_ref idref="fl-19"/>
      </object_component>
      <object_component id="oc-9e4">
         <name>.text:uDMAChannelTransferSet</name>
         <load_address>0x2000bf54</load_address>
         <run_address>0x2000bf54</run_address>
         <size>0xf0</size>
         <input_file_ref idref="fl-22"/>
      </object_component>
      <object_component id="oc-7f6">
         <name>.text:_SlAsyncEventGenericHandler</name>
         <load_address>0x2000c044</load_address>
         <run_address>0x2000c044</run_address>
         <size>0xe8</size>
         <input_file_ref idref="fl-13"/>
      </object_component>
      <object_component id="oc-655">
         <name>.text:_SlDrvMsgReadSpawnCtx</name>
         <load_address>0x2000c12c</load_address>
         <run_address>0x2000c12c</run_address>
         <size>0xe8</size>
         <input_file_ref idref="fl-13"/>
      </object_component>
      <object_component id="oc-2fa">
         <name>.text:realloc</name>
         <load_address>0x2000c214</load_address>
         <run_address>0x2000c214</run_address>
         <size>0xe8</size>
         <input_file_ref idref="fl-e8"/>
      </object_component>
      <object_component id="oc-300">
         <name>.text:free</name>
         <load_address>0x2000c2fc</load_address>
         <run_address>0x2000c2fc</run_address>
         <size>0xe4</size>
         <input_file_ref idref="fl-e8"/>
      </object_component>
      <object_component id="oc-3e3">
         <name>.text:sl_NetAppMDNSRegisterUnregisterService</name>
         <load_address>0x2000c3e0</load_address>
         <run_address>0x2000c3e0</run_address>
         <size>0xe4</size>
         <input_file_ref idref="fl-14"/>
      </object_component>
      <object_component id="oc-8af">
         <name>.text:_SlDrvClassifyRxMsg</name>
         <load_address>0x2000c4c4</load_address>
         <run_address>0x2000c4c4</run_address>
         <size>0xdc</size>
         <input_file_ref idref="fl-13"/>
      </object_component>
      <object_component id="oc-9a2">
         <name>.text:_sl_HandleAsync_DnsGetHostByService</name>
         <load_address>0x2000c5a0</load_address>
         <run_address>0x2000c5a0</run_address>
         <size>0xcc</size>
         <input_file_ref idref="fl-14"/>
      </object_component>
      <object_component id="oc-f9">
         <name>.text:sl_DevGet</name>
         <load_address>0x2000c66c</load_address>
         <run_address>0x2000c66c</run_address>
         <size>0xcc</size>
         <input_file_ref idref="fl-12"/>
      </object_component>
      <object_component id="oc-630">
         <name>.text:_SlRemoveFromList</name>
         <load_address>0x2000c738</load_address>
         <run_address>0x2000c738</run_address>
         <size>0xc4</size>
         <input_file_ref idref="fl-13"/>
      </object_component>
      <object_component id="oc-38c">
         <name>.text:_SlDrvCmdOp</name>
         <load_address>0x2000c7fc</load_address>
         <run_address>0x2000c7fc</run_address>
         <size>0xc0</size>
         <input_file_ref idref="fl-13"/>
      </object_component>
      <object_component id="oc-70c">
         <name>.text:_ltostr</name>
         <load_address>0x2000c8bc</load_address>
         <run_address>0x2000c8bc</run_address>
         <size>0xb1</size>
         <input_file_ref idref="fl-ef"/>
      </object_component>
      <object_component id="oc-5bf">
         <name>.text:_SlNonOsSemGet</name>
         <load_address>0x2000c970</load_address>
         <run_address>0x2000c970</run_address>
         <size>0xb0</size>
         <input_file_ref idref="fl-16"/>
      </object_component>
      <object_component id="oc-60f">
         <name>.text:IntDisable</name>
         <load_address>0x2000ca20</load_address>
         <run_address>0x2000ca20</run_address>
         <size>0xa8</size>
         <input_file_ref idref="fl-1c"/>
      </object_component>
      <object_component id="oc-13c">
         <name>.text:IntEnable</name>
         <load_address>0x2000cac8</load_address>
         <run_address>0x2000cac8</run_address>
         <size>0xa8</size>
         <input_file_ref idref="fl-1c"/>
      </object_component>
      <object_component id="oc-629">
         <name>.text:_SlDriverHandleError</name>
         <load_address>0x2000cb70</load_address>
         <run_address>0x2000cb70</run_address>
         <size>0xa4</size>
         <input_file_ref idref="fl-13"/>
      </object_component>
      <object_component id="oc-1aa">
         <name>.text:SPIConfigSetExpClk</name>
         <load_address>0x2000cc14</load_address>
         <run_address>0x2000cc14</run_address>
         <size>0xa0</size>
         <input_file_ref idref="fl-1f"/>
      </object_component>
      <object_component id="oc-20c">
         <name>.text:sl_Recv</name>
         <load_address>0x2000ccb4</load_address>
         <run_address>0x2000ccb4</run_address>
         <size>0xa0</size>
         <input_file_ref idref="fl-17"/>
      </object_component>
      <object_component id="oc-3a">
         <name>.text</name>
         <load_address>0x2000cd54</load_address>
         <run_address>0x2000cd54</run_address>
         <size>0x9c</size>
         <input_file_ref idref="fl-e1"/>
      </object_component>
      <object_component id="oc-988">
         <name>.text:_SlDrvDeviceEventHandler</name>
         <load_address>0x2000cdf0</load_address>
         <run_address>0x2000cdf0</run_address>
         <size>0x9a</size>
         <input_file_ref idref="fl-12"/>
      </object_component>
      <object_component id="oc-15b">
         <name>.text:sl_DevSet</name>
         <load_address>0x2000ce8c</load_address>
         <run_address>0x2000ce8c</run_address>
         <size>0x98</size>
         <input_file_ref idref="fl-12"/>
      </object_component>
      <object_component id="oc-111">
         <name>.text:sl_NetCfgSet</name>
         <load_address>0x2000cf24</load_address>
         <run_address>0x2000cf24</run_address>
         <size>0x98</size>
         <input_file_ref idref="fl-15"/>
      </object_component>
      <object_component id="oc-17f">
         <name>.text:sl_SetSockOpt</name>
         <load_address>0x2000cfbc</load_address>
         <run_address>0x2000cfbc</run_address>
         <size>0x98</size>
         <input_file_ref idref="fl-17"/>
      </object_component>
      <object_component id="oc-117">
         <name>.text:sl_WlanSet</name>
         <load_address>0x2000d054</load_address>
         <run_address>0x2000d054</run_address>
         <size>0x98</size>
         <input_file_ref idref="fl-18"/>
      </object_component>
      <object_component id="oc-7ff">
         <name>.text:spi_Write</name>
         <load_address>0x2000d0ec</load_address>
         <run_address>0x2000d0ec</run_address>
         <size>0x98</size>
         <input_file_ref idref="fl-19"/>
      </object_component>
      <object_component id="oc-824">
         <name>.text</name>
         <load_address>0x2000d184</load_address>
         <run_address>0x2000d184</run_address>
         <size>0x96</size>
         <input_file_ref idref="fl-e2"/>
      </object_component>
      <object_component id="oc-1a4">
         <name>.text:PRCMPeripheralClockGet</name>
         <load_address>0x2000d21c</load_address>
         <run_address>0x2000d21c</run_address>
         <size>0x94</size>
         <input_file_ref idref="fl-1e"/>
      </object_component>
      <object_component id="oc-99c">
         <name>.text:_sl_HandleAsync_DnsGetHostByName</name>
         <load_address>0x2000d2b0</load_address>
         <run_address>0x2000d2b0</run_address>
         <size>0x90</size>
         <input_file_ref idref="fl-14"/>
      </object_component>
      <object_component id="oc-936">
         <name>.text:_sl_HandleAsync_PingResponse</name>
         <load_address>0x2000d340</load_address>
         <run_address>0x2000d340</run_address>
         <size>0x90</size>
         <input_file_ref idref="fl-14"/>
      </object_component>
      <object_component id="oc-ff">
         <name>.text:sl_WlanPolicySet</name>
         <load_address>0x2000d3d0</load_address>
         <run_address>0x2000d3d0</run_address>
         <size>0x90</size>
         <input_file_ref idref="fl-18"/>
      </object_component>
      <object_component id="oc-93d">
         <name>.text:SetupDMAReceive</name>
         <load_address>0x2000d460</load_address>
         <run_address>0x2000d460</run_address>
         <size>0x8c</size>
         <input_file_ref idref="fl-19"/>
      </object_component>
      <object_component id="oc-8c6">
         <name>.text:SetupDMASend</name>
         <load_address>0x2000d4ec</load_address>
         <run_address>0x2000d4ec</run_address>
         <size>0x8c</size>
         <input_file_ref idref="fl-19"/>
      </object_component>
      <object_component id="oc-7a4">
         <name>.text:_SlDrvIsTimeoutExpired</name>
         <load_address>0x2000d578</load_address>
         <run_address>0x2000d578</run_address>
         <size>0x8c</size>
         <input_file_ref idref="fl-13"/>
      </object_component>
      <object_component id="oc-9f5">
         <name>.text:_sl_HandleAsync_InitComplete</name>
         <load_address>0x2000d604</load_address>
         <run_address>0x2000d604</run_address>
         <size>0x8c</size>
         <input_file_ref idref="fl-12"/>
      </object_component>
      <object_component id="oc-179">
         <name>.text:sl_Socket</name>
         <load_address>0x2000d690</load_address>
         <run_address>0x2000d690</run_address>
         <size>0x8c</size>
         <input_file_ref idref="fl-17"/>
      </object_component>
      <object_component id="oc-6e3">
         <name>.text:PinConfigSet</name>
         <load_address>0x2000d71c</load_address>
         <run_address>0x2000d71c</run_address>
         <size>0x88</size>
         <input_file_ref idref="fl-1d"/>
      </object_component>
      <object_component id="oc-1df">
         <name>.text:__aeabi_cdcmple</name>
         <load_address>0x2000d7a4</load_address>
         <run_address>0x2000d7a4</run_address>
         <size>0x86</size>
         <input_file_ref idref="fl-dd"/>
      </object_component>
      <object_component id="oc-1ef">
         <name>.text:__aeabi_cdrcmple</name>
         <load_address>0x2000d82a</load_address>
         <run_address>0x2000d82a</run_address>
         <size>0x86</size>
         <input_file_ref idref="fl-dd"/>
      </object_component>
      <object_component id="oc-2bd">
         <name>.text:I2CMasterInitExpClk</name>
         <load_address>0x2000d8b0</load_address>
         <run_address>0x2000d8b0</run_address>
         <size>0x84</size>
         <input_file_ref idref="fl-1b"/>
      </object_component>
      <object_component id="oc-333">
         <name>.text:NwpPowerOnPreamble</name>
         <load_address>0x2000d934</load_address>
         <run_address>0x2000d934</run_address>
         <size>0x84</size>
         <input_file_ref idref="fl-19"/>
      </object_component>
      <object_component id="oc-126">
         <name>.text:sl_WlanRxFilterSet</name>
         <load_address>0x2000d9b8</load_address>
         <run_address>0x2000d9b8</run_address>
         <size>0x84</size>
         <input_file_ref idref="fl-18"/>
      </object_component>
      <object_component id="oc-41e">
         <name>.text:GPIOIntTypeSet</name>
         <load_address>0x2000da3c</load_address>
         <run_address>0x2000da3c</run_address>
         <size>0x82</size>
         <input_file_ref idref="fl-1a"/>
      </object_component>
      <object_component id="oc-9c4">
         <name>.text:_sl_HandleAsync_Connect</name>
         <load_address>0x2000dac0</load_address>
         <run_address>0x2000dac0</run_address>
         <size>0x80</size>
         <input_file_ref idref="fl-17"/>
      </object_component>
      <object_component id="oc-943">
         <name>.text:spi_Read_CPU</name>
         <load_address>0x2000db40</load_address>
         <run_address>0x2000db40</run_address>
         <size>0x80</size>
         <input_file_ref idref="fl-19"/>
      </object_component>
      <object_component id="oc-8d2">
         <name>.text:spi_Write_CPU</name>
         <load_address>0x2000dbc0</load_address>
         <run_address>0x2000dbc0</run_address>
         <size>0x80</size>
         <input_file_ref idref="fl-19"/>
      </object_component>
      <object_component id="oc-88">
         <name>.text</name>
         <load_address>0x2000dc40</load_address>
         <run_address>0x2000dc40</run_address>
         <size>0x7a</size>
         <input_file_ref idref="fl-e3"/>
      </object_component>
      <object_component id="oc-3a2">
         <name>.text:spi_Close</name>
         <load_address>0x2000dcbc</load_address>
         <run_address>0x2000dcbc</run_address>
         <size>0x78</size>
         <input_file_ref idref="fl-19"/>
      </object_component>
      <object_component id="oc-2d0">
         <name>.text:UARTConfigSetExpClk</name>
         <load_address>0x2000dd34</load_address>
         <run_address>0x2000dd34</run_address>
         <size>0x76</size>
         <input_file_ref idref="fl-21"/>
      </object_component>
      <object_component id="oc-e7">
         <name>.text:_SlNonOsMainLoopTask</name>
         <load_address>0x2000ddac</load_address>
         <run_address>0x2000ddac</run_address>
         <size>0x74</size>
         <input_file_ref idref="fl-16"/>
      </object_component>
      <object_component id="oc-5a1">
         <name>.text:split</name>
         <load_address>0x2000de20</load_address>
         <run_address>0x2000de20</run_address>
         <size>0x70</size>
         <input_file_ref idref="fl-e8"/>
      </object_component>
      <object_component id="oc-840">
         <name>.text:_mcpy</name>
         <load_address>0x2000de90</load_address>
         <run_address>0x2000de90</run_address>
         <size>0x6e</size>
         <input_file_ref idref="fl-ef"/>
      </object_component>
      <object_component id="oc-a0d">
         <name>.text:_SlDrvCmdSend</name>
         <load_address>0x2000df00</load_address>
         <run_address>0x2000df00</run_address>
         <size>0x6c</size>
         <input_file_ref idref="fl-13"/>
      </object_component>
      <object_component id="oc-9ae">
         <name>.text:_sl_NetAppSendTokenValue</name>
         <load_address>0x2000df6c</load_address>
         <run_address>0x2000df6c</run_address>
         <size>0x6c</size>
         <input_file_ref idref="fl-14"/>
      </object_component>
      <object_component id="oc-12">
         <name>.text:decompress:lzss:__TI_decompress_lzss</name>
         <load_address>0x2000dfd8</load_address>
         <run_address>0x2000dfd8</run_address>
         <size>0x68</size>
         <input_file_ref idref="fl-e6"/>
      </object_component>
      <object_component id="oc-64f">
         <name>.text:_SlNonOsSpawn</name>
         <load_address>0x2000e040</load_address>
         <run_address>0x2000e040</run_address>
         <size>0x64</size>
         <input_file_ref idref="fl-16"/>
      </object_component>
      <object_component id="oc-9be">
         <name>.text:_sl_HandleAsync_Accept</name>
         <load_address>0x2000e0a4</load_address>
         <run_address>0x2000e0a4</run_address>
         <size>0x64</size>
         <input_file_ref idref="fl-17"/>
      </object_component>
      <object_component id="oc-855">
         <name>.text:frexp</name>
         <load_address>0x2000e108</load_address>
         <run_address>0x2000e108</run_address>
         <size>0x64</size>
         <input_file_ref idref="fl-101"/>
      </object_component>
      <object_component id="oc-11d">
         <name>.text:sl_NetAppMDNSUnRegisterService</name>
         <load_address>0x2000e16c</load_address>
         <run_address>0x2000e16c</run_address>
         <size>0x64</size>
         <input_file_ref idref="fl-14"/>
      </object_component>
      <object_component id="oc-7b8">
         <name>.text:uDMAChannelAttributeDisable</name>
         <load_address>0x2000e1d0</load_address>
         <run_address>0x2000e1d0</run_address>
         <size>0x64</size>
         <input_file_ref idref="fl-22"/>
      </object_component>
      <object_component id="oc-9de">
         <name>.text:uDMAChannelAttributeEnable</name>
         <load_address>0x2000e234</load_address>
         <run_address>0x2000e234</run_address>
         <size>0x64</size>
         <input_file_ref idref="fl-22"/>
      </object_component>
      <object_component id="oc-206">
         <name>.text:sl_Close</name>
         <load_address>0x2000e298</load_address>
         <run_address>0x2000e298</run_address>
         <size>0x60</size>
         <input_file_ref idref="fl-17"/>
      </object_component>
      <object_component id="oc-105">
         <name>.text:sl_WlanProfileDel</name>
         <load_address>0x2000e2f8</load_address>
         <run_address>0x2000e2f8</run_address>
         <size>0x60</size>
         <input_file_ref idref="fl-18"/>
      </object_component>
      <object_component id="oc-ed">
         <name>.text:sl_WlanSetMode</name>
         <load_address>0x2000e358</load_address>
         <run_address>0x2000e358</run_address>
         <size>0x60</size>
         <input_file_ref idref="fl-18"/>
      </object_component>
      <object_component id="oc-61b">
         <name>.text:IntPendClear</name>
         <load_address>0x2000e3b8</load_address>
         <run_address>0x2000e3b8</run_address>
         <size>0x58</size>
         <input_file_ref idref="fl-1c"/>
      </object_component>
      <object_component id="oc-192">
         <name>.text:PRCMPeripheralReset</name>
         <load_address>0x2000e410</load_address>
         <run_address>0x2000e410</run_address>
         <size>0x58</size>
         <input_file_ref idref="fl-1e"/>
      </object_component>
      <object_component id="oc-718">
         <name>.text:_pconv_f</name>
         <load_address>0x2000e468</load_address>
         <run_address>0x2000e468</run_address>
         <size>0x56</size>
         <input_file_ref idref="fl-ef"/>
      </object_component>
      <object_component id="oc-424">
         <name>.text:IntPrioritySet</name>
         <load_address>0x2000e4c0</load_address>
         <run_address>0x2000e4c0</run_address>
         <size>0x54</size>
         <input_file_ref idref="fl-1c"/>
      </object_component>
      <object_component id="oc-375">
         <name>.text:_SlDrvRxIrqHandler</name>
         <load_address>0x2000e514</load_address>
         <run_address>0x2000e514</run_address>
         <size>0x54</size>
         <input_file_ref idref="fl-13"/>
      </object_component>
      <object_component id="oc-9ca">
         <name>.text:_sl_HandleAsync_Select</name>
         <load_address>0x2000e568</load_address>
         <run_address>0x2000e568</run_address>
         <size>0x54</size>
         <input_file_ref idref="fl-17"/>
      </object_component>
      <object_component id="oc-82f">
         <name>.text:ltoa</name>
         <load_address>0x2000e5bc</load_address>
         <run_address>0x2000e5bc</run_address>
         <size>0x54</size>
         <input_file_ref idref="fl-fb"/>
      </object_component>
      <object_component id="oc-83a">
         <name>.text:_ecpy</name>
         <load_address>0x2000e610</load_address>
         <run_address>0x2000e610</run_address>
         <size>0x52</size>
         <input_file_ref idref="fl-ef"/>
      </object_component>
      <object_component id="oc-9d0">
         <name>.text:_sl_HandleAsync_Stop</name>
         <load_address>0x2000e664</load_address>
         <run_address>0x2000e664</run_address>
         <size>0x50</size>
         <input_file_ref idref="fl-12"/>
      </object_component>
      <object_component id="oc-5ee">
         <name>.text:SPIIntEnable</name>
         <load_address>0x2000e6b4</load_address>
         <run_address>0x2000e6b4</run_address>
         <size>0x4c</size>
         <input_file_ref idref="fl-1f"/>
      </object_component>
      <object_component id="oc-80a">
         <name>.text:SPIIntNumberGet</name>
         <load_address>0x2000e700</load_address>
         <run_address>0x2000e700</run_address>
         <size>0x4c</size>
         <input_file_ref idref="fl-1f"/>
      </object_component>
      <object_component id="oc-345">
         <name>.text:_SlDrvProtectAsyncRespSetting</name>
         <load_address>0x2000e74c</load_address>
         <run_address>0x2000e74c</run_address>
         <size>0x4c</size>
         <input_file_ref idref="fl-13"/>
      </object_component>
      <object_component id="oc-485">
         <name>.text:_sl_BuildAddress</name>
         <load_address>0x2000e798</load_address>
         <run_address>0x2000e798</run_address>
         <size>0x4c</size>
         <input_file_ref idref="fl-17"/>
      </object_component>
      <object_component id="oc-706">
         <name>.text:atoi</name>
         <load_address>0x2000e7e4</load_address>
         <run_address>0x2000e7e4</run_address>
         <size>0x4c</size>
         <input_file_ref idref="fl-f9"/>
      </object_component>
      <object_component id="oc-7b2">
         <name>.text:uDMAChannelAssign</name>
         <load_address>0x2000e830</load_address>
         <run_address>0x2000e830</run_address>
         <size>0x4c</size>
         <input_file_ref idref="fl-22"/>
      </object_component>
      <object_component id="oc-6bd">
         <name>.text:GPIOGetIntNumber</name>
         <load_address>0x2000e87c</load_address>
         <run_address>0x2000e87c</run_address>
         <size>0x48</size>
         <input_file_ref idref="fl-1a"/>
      </object_component>
      <object_component id="oc-7d2">
         <name>.text:SPIIntClear</name>
         <load_address>0x2000e8c4</load_address>
         <run_address>0x2000e8c4</run_address>
         <size>0x48</size>
         <input_file_ref idref="fl-1f"/>
      </object_component>
      <object_component id="oc-3ce">
         <name>.text:_SlDrvBasicCmd</name>
         <load_address>0x2000e90c</load_address>
         <run_address>0x2000e90c</run_address>
         <size>0x48</size>
         <input_file_ref idref="fl-13"/>
      </object_component>
      <object_component id="oc-1ea">
         <name>.text</name>
         <load_address>0x2000e954</load_address>
         <run_address>0x2000e954</run_address>
         <size>0x48</size>
         <input_file_ref idref="fl-df"/>
      </object_component>
      <object_component id="oc-7c2">
         <name>.text:SPIDmaMaskGet</name>
         <load_address>0x2000e99c</load_address>
         <run_address>0x2000e99c</run_address>
         <size>0x44</size>
         <input_file_ref idref="fl-1f"/>
      </object_component>
      <object_component id="oc-96a">
         <name>.text:TimerConfigure</name>
         <load_address>0x2000e9e0</load_address>
         <run_address>0x2000e9e0</run_address>
         <size>0x44</size>
         <input_file_ref idref="fl-20"/>
      </object_component>
      <object_component id="oc-a06">
         <name>.text:_SlDrvHandleHttpServerEvents</name>
         <load_address>0x2000ea24</load_address>
         <run_address>0x2000ea24</run_address>
         <size>0x44</size>
         <input_file_ref idref="fl-13"/>
      </object_component>
      <object_component id="oc-35d">
         <name>.text:_SlDrvSyncObjWaitTimeout</name>
         <load_address>0x2000ea68</load_address>
         <run_address>0x2000ea68</run_address>
         <size>0x44</size>
         <input_file_ref idref="fl-13"/>
      </object_component>
      <object_component id="oc-233">
         <name>.text:__TI_auto_init_nobinit_nopinit:__TI_auto_init_nobinit_nopinit</name>
         <load_address>0x2000eaac</load_address>
         <run_address>0x2000eaac</run_address>
         <size>0x44</size>
         <input_file_ref idref="fl-f3"/>
      </object_component>
      <object_component id="oc-950">
         <name>.text:cc_SetupTransfer</name>
         <load_address>0x2000eaf0</load_address>
         <run_address>0x2000eaf0</run_address>
         <size>0x44</size>
         <input_file_ref idref="fl-19"/>
      </object_component>
      <object_component id="oc-173">
         <name>.text:sl_Htonl</name>
         <load_address>0x2000eb34</load_address>
         <run_address>0x2000eb34</run_address>
         <size>0x42</size>
         <input_file_ref idref="fl-17"/>
      </object_component>
      <object_component id="oc-48f">
         <name>.text:PinModeSet</name>
         <load_address>0x2000eb78</load_address>
         <run_address>0x2000eb78</run_address>
         <size>0x40</size>
         <input_file_ref idref="fl-1d"/>
      </object_component>
      <object_component id="oc-994">
         <name>.text:_SlDrvHandleNetAppEvents</name>
         <load_address>0x2000ebb8</load_address>
         <run_address>0x2000ebb8</run_address>
         <size>0x40</size>
         <input_file_ref idref="fl-13"/>
      </object_component>
      <object_component id="oc-98e">
         <name>.text:_SlDrvHandleWlanEvents</name>
         <load_address>0x2000ebf8</load_address>
         <run_address>0x2000ebf8</run_address>
         <size>0x40</size>
         <input_file_ref idref="fl-13"/>
      </object_component>
      <object_component id="oc-502">
         <name>.text:_sl_TruncatePayloadByProtocol</name>
         <load_address>0x2000ec38</load_address>
         <run_address>0x2000ec38</run_address>
         <size>0x40</size>
         <input_file_ref idref="fl-17"/>
      </object_component>
      <object_component id="oc-1fa">
         <name>.text:sprintf</name>
         <load_address>0x2000ec78</load_address>
         <run_address>0x2000ec78</run_address>
         <size>0x40</size>
         <input_file_ref idref="fl-db"/>
      </object_component>
      <object_component id="oc-c2">
         <name>.text:strtok</name>
         <load_address>0x2000ecb8</load_address>
         <run_address>0x2000ecb8</run_address>
         <size>0x40</size>
         <input_file_ref idref="fl-eb"/>
      </object_component>
      <object_component id="oc-2dc">
         <name>.text:vsnprintf</name>
         <load_address>0x2000ecf8</load_address>
         <run_address>0x2000ecf8</run_address>
         <size>0x40</size>
         <input_file_ref idref="fl-dc"/>
      </object_component>
      <object_component id="oc-351">
         <name>.text:NwpRegisterInterruptHandler</name>
         <load_address>0x2000ed38</load_address>
         <run_address>0x2000ed38</run_address>
         <size>0x3e</size>
         <input_file_ref idref="fl-19"/>
      </object_component>
      <object_component id="oc-84d">
         <name>.text:_fcpy</name>
         <load_address>0x2000ed76</load_address>
         <run_address>0x2000ed76</run_address>
         <size>0x3e</size>
         <input_file_ref idref="fl-ef"/>
      </object_component>
      <object_component id="oc-9b5">
         <name>.text:CopyPingResultsToReport</name>
         <load_address>0x2000edb4</load_address>
         <run_address>0x2000edb4</run_address>
         <size>0x3c</size>
         <input_file_ref idref="fl-14"/>
      </object_component>
      <object_component id="oc-198">
         <name>.text:PRCMPeripheralClkEnable</name>
         <load_address>0x2000edf0</load_address>
         <run_address>0x2000edf0</run_address>
         <size>0x3c</size>
         <input_file_ref idref="fl-1e"/>
      </object_component>
      <object_component id="oc-917">
         <name>.text:simplelink_timerA2_start</name>
         <load_address>0x2000ee2c</load_address>
         <run_address>0x2000ee2c</run_address>
         <size>0x3c</size>
         <input_file_ref idref="fl-19"/>
      </object_component>
      <object_component id="oc-16d">
         <name>.text:sl_Htons</name>
         <load_address>0x2000ee68</load_address>
         <run_address>0x2000ee68</run_address>
         <size>0x3c</size>
         <input_file_ref idref="fl-17"/>
      </object_component>
      <object_component id="oc-9d8">
         <name>.text:uDMAChannelControlSet</name>
         <load_address>0x2000eea4</load_address>
         <run_address>0x2000eea4</run_address>
         <size>0x3c</size>
         <input_file_ref idref="fl-22"/>
      </object_component>
      <object_component id="oc-34b">
         <name>.text:NwpPowerOff</name>
         <load_address>0x2000eee0</load_address>
         <run_address>0x2000eee0</run_address>
         <size>0x38</size>
         <input_file_ref idref="fl-19"/>
      </object_component>
      <object_component id="oc-10b">
         <name>.text:sl_WlanDisconnect</name>
         <load_address>0x2000ef18</load_address>
         <run_address>0x2000ef18</run_address>
         <size>0x38</size>
         <input_file_ref idref="fl-18"/>
      </object_component>
      <object_component id="oc-49b">
         <name>.text:GPIODirModeSet</name>
         <load_address>0x2000ef50</load_address>
         <run_address>0x2000ef50</run_address>
         <size>0x36</size>
         <input_file_ref idref="fl-1a"/>
      </object_component>
      <object_component id="oc-357">
         <name>.text:NwpPowerOn</name>
         <load_address>0x2000ef88</load_address>
         <run_address>0x2000ef88</run_address>
         <size>0x34</size>
         <input_file_ref idref="fl-19"/>
      </object_component>
      <object_component id="oc-5d0">
         <name>.text:PRCMPeripheralStatusGet</name>
         <load_address>0x2000efbc</load_address>
         <run_address>0x2000efbc</run_address>
         <size>0x34</size>
         <input_file_ref idref="fl-1e"/>
      </object_component>
      <object_component id="oc-5e2">
         <name>.text:SPIFIFOLevelSet</name>
         <load_address>0x2000eff0</load_address>
         <run_address>0x2000eff0</run_address>
         <size>0x34</size>
         <input_file_ref idref="fl-1f"/>
      </object_component>
      <object_component id="oc-58">
         <name>.text:_c_int00_noargs:_c_int00_noargs</name>
         <load_address>0x2000f024</load_address>
         <run_address>0x2000f024</run_address>
         <size>0x34</size>
         <input_file_ref idref="fl-ed"/>
      </object_component>
      <object_component id="oc-495">
         <name>.text:PinTypeGPIO</name>
         <load_address>0x2000f058</load_address>
         <run_address>0x2000f058</run_address>
         <size>0x30</size>
         <input_file_ref idref="fl-1d"/>
      </object_component>
      <object_component id="oc-56a">
         <name>.text:UARTDisable</name>
         <load_address>0x2000f088</load_address>
         <run_address>0x2000f088</run_address>
         <size>0x30</size>
         <input_file_ref idref="fl-21"/>
      </object_component>
      <object_component id="oc-578">
         <name>.text:_outs</name>
         <load_address>0x2000f0b8</load_address>
         <run_address>0x2000f0b8</run_address>
         <size>0x30</size>
         <input_file_ref idref="fl-dc"/>
      </object_component>
      <object_component id="oc-1d5">
         <name>.text</name>
         <load_address>0x2000f0e8</load_address>
         <run_address>0x2000f0e8</run_address>
         <size>0x2e</size>
         <input_file_ref idref="fl-e0"/>
      </object_component>
      <object_component id="oc-299">
         <name>.text:I2CMasterErr</name>
         <load_address>0x2000f116</load_address>
         <run_address>0x2000f116</run_address>
         <size>0x2c</size>
         <input_file_ref idref="fl-1b"/>
      </object_component>
      <object_component id="oc-3ff">
         <name>.text:PRCMSysResetCauseGet</name>
         <load_address>0x2000f144</load_address>
         <run_address>0x2000f144</run_address>
         <size>0x2c</size>
         <input_file_ref idref="fl-1e"/>
      </object_component>
      <object_component id="oc-662">
         <name>.text:_SlDrvObjGlobalLockWaitForever</name>
         <load_address>0x2000f170</load_address>
         <run_address>0x2000f170</run_address>
         <size>0x2c</size>
         <input_file_ref idref="fl-13"/>
      </object_component>
      <object_component id="oc-45a">
         <name>.text:_SlDrvProtectionObjLockWaitForever</name>
         <load_address>0x2000f19c</load_address>
         <run_address>0x2000f19c</run_address>
         <size>0x2c</size>
         <input_file_ref idref="fl-13"/>
      </object_component>
      <object_component id="oc-976">
         <name>.text:TimerLoadSet</name>
         <load_address>0x2000f1c8</load_address>
         <run_address>0x2000f1c8</run_address>
         <size>0x2a</size>
         <input_file_ref idref="fl-20"/>
      </object_component>
      <object_component id="oc-970">
         <name>.text:TimerPrescaleSet</name>
         <load_address>0x2000f1f2</load_address>
         <run_address>0x2000f1f2</run_address>
         <size>0x2a</size>
         <input_file_ref idref="fl-20"/>
      </object_component>
      <object_component id="oc-265">
         <name>.text:strspn</name>
         <load_address>0x2000f21c</load_address>
         <run_address>0x2000f21c</run_address>
         <size>0x2a</size>
         <input_file_ref idref="fl-ff"/>
      </object_component>
      <object_component id="oc-2c3">
         <name>.text:PRCMPeripheralClkDisable</name>
         <load_address>0x2000f248</load_address>
         <run_address>0x2000f248</run_address>
         <size>0x28</size>
         <input_file_ref idref="fl-1e"/>
      </object_component>
      <object_component id="oc-668">
         <name>.text:_SlDrvGlobalObjUnLock</name>
         <load_address>0x2000f270</load_address>
         <run_address>0x2000f270</run_address>
         <size>0x28</size>
         <input_file_ref idref="fl-13"/>
      </object_component>
      <object_component id="oc-460">
         <name>.text:_SlDrvProtectionObjUnLock</name>
         <load_address>0x2000f298</load_address>
         <run_address>0x2000f298</run_address>
         <size>0x28</size>
         <input_file_ref idref="fl-13"/>
      </object_component>
      <object_component id="oc-466">
         <name>.text:_SlDrvSyncObjWaitForever</name>
         <load_address>0x2000f2c0</load_address>
         <run_address>0x2000f2c0</run_address>
         <size>0x28</size>
         <input_file_ref idref="fl-13"/>
      </object_component>
      <object_component id="oc-5a8">
         <name>.text:free_list_insert</name>
         <load_address>0x2000f2e8</load_address>
         <run_address>0x2000f2e8</run_address>
         <size>0x28</size>
         <input_file_ref idref="fl-e8"/>
      </object_component>
      <object_component id="oc-74a">
         <name>.text:_SlDrvObjLockWaitForever</name>
         <load_address>0x2000f310</load_address>
         <run_address>0x2000f310</run_address>
         <size>0x26</size>
         <input_file_ref idref="fl-13"/>
      </object_component>
      <object_component id="oc-a22">
         <name>.text</name>
         <load_address>0x2000f336</load_address>
         <run_address>0x2000f336</run_address>
         <size>0x26</size>
         <input_file_ref idref="fl-7"/>
      </object_component>
      <object_component id="oc-5fa">
         <name>.text:DmaSpiSwIntHandler</name>
         <load_address>0x2000f35c</load_address>
         <run_address>0x2000f35c</run_address>
         <size>0x24</size>
         <input_file_ref idref="fl-19"/>
      </object_component>
      <object_component id="oc-615">
         <name>.text:IntUnregister</name>
         <load_address>0x2000f380</load_address>
         <run_address>0x2000f380</run_address>
         <size>0x24</size>
         <input_file_ref idref="fl-1c"/>
      </object_component>
      <object_component id="oc-570">
         <name>.text:UARTEnable</name>
         <load_address>0x2000f3a4</load_address>
         <run_address>0x2000f3a4</run_address>
         <size>0x24</size>
         <input_file_ref idref="fl-21"/>
      </object_component>
      <object_component id="oc-2ee">
         <name>.text:memmove</name>
         <load_address>0x2000f3c8</load_address>
         <run_address>0x2000f3c8</run_address>
         <size>0x24</size>
         <input_file_ref idref="fl-e7"/>
      </object_component>
      <object_component id="oc-26b">
         <name>.text:strcspn</name>
         <load_address>0x2000f3ec</load_address>
         <run_address>0x2000f3ec</run_address>
         <size>0x24</size>
         <input_file_ref idref="fl-fe"/>
      </object_component>
      <object_component id="oc-29f">
         <name>.text:I2CMasterSlaveAddrSet</name>
         <load_address>0x2000f410</load_address>
         <run_address>0x2000f410</run_address>
         <size>0x22</size>
         <input_file_ref idref="fl-1b"/>
      </object_component>
      <object_component id="oc-19e">
         <name>.text:SPIReset</name>
         <load_address>0x2000f432</load_address>
         <run_address>0x2000f432</run_address>
         <size>0x22</size>
         <input_file_ref idref="fl-1f"/>
      </object_component>
      <object_component id="oc-8cc">
         <name>.text:SPIWordCountSet</name>
         <load_address>0x2000f454</load_address>
         <run_address>0x2000f454</run_address>
         <size>0x22</size>
         <input_file_ref idref="fl-1f"/>
      </object_component>
      <object_component id="oc-43c">
         <name>.text:GPIOPinWrite</name>
         <load_address>0x2000f476</load_address>
         <run_address>0x2000f476</run_address>
         <size>0x20</size>
         <input_file_ref idref="fl-1a"/>
      </object_component>
      <object_component id="oc-5e8">
         <name>.text:IntRegister</name>
         <load_address>0x2000f498</load_address>
         <run_address>0x2000f498</run_address>
         <size>0x20</size>
         <input_file_ref idref="fl-1c"/>
      </object_component>
      <object_component id="oc-39c">
         <name>.text:NwpPrePowerOffTimout0</name>
         <load_address>0x2000f4b8</load_address>
         <run_address>0x2000f4b8</run_address>
         <size>0x20</size>
         <input_file_ref idref="fl-19"/>
      </object_component>
      <object_component id="oc-4cb">
         <name>.text:SPIDataGet</name>
         <load_address>0x2000f4d8</load_address>
         <run_address>0x2000f4d8</run_address>
         <size>0x20</size>
         <input_file_ref idref="fl-1f"/>
      </object_component>
      <object_component id="oc-893">
         <name>.text:TimerGetCurrentTimestamp</name>
         <load_address>0x2000f4f8</load_address>
         <run_address>0x2000f4f8</run_address>
         <size>0x20</size>
         <input_file_ref idref="fl-19"/>
      </object_component>
      <object_component id="oc-750">
         <name>.text:_SlDrvObjUnLock</name>
         <load_address>0x2000f518</load_address>
         <run_address>0x2000f518</run_address>
         <size>0x20</size>
         <input_file_ref idref="fl-13"/>
      </object_component>
      <object_component id="oc-636">
         <name>.text:_SlDrvSyncObjSignal</name>
         <load_address>0x2000f538</load_address>
         <run_address>0x2000f538</run_address>
         <size>0x20</size>
         <input_file_ref idref="fl-13"/>
      </object_component>
      <object_component id="oc-42a">
         <name>.text:GPIOIntRegister</name>
         <load_address>0x2000f558</load_address>
         <run_address>0x2000f558</run_address>
         <size>0x1e</size>
         <input_file_ref idref="fl-1a"/>
      </object_component>
      <object_component id="oc-281">
         <name>.text:I2CMasterIntStatusEx</name>
         <load_address>0x2000f576</load_address>
         <run_address>0x2000f576</run_address>
         <size>0x1e</size>
         <input_file_ref idref="fl-1b"/>
      </object_component>
      <object_component id="oc-4c5">
         <name>.text:SPIDataPut</name>
         <load_address>0x2000f594</load_address>
         <run_address>0x2000f594</run_address>
         <size>0x1e</size>
         <input_file_ref idref="fl-1f"/>
      </object_component>
      <object_component id="oc-97c">
         <name>.text:TimerEnable</name>
         <load_address>0x2000f5b2</load_address>
         <run_address>0x2000f5b2</run_address>
         <size>0x1e</size>
         <input_file_ref idref="fl-20"/>
      </object_component>
      <object_component id="oc-2d6">
         <name>.text:UARTCharPut</name>
         <load_address>0x2000f5d0</load_address>
         <run_address>0x2000f5d0</run_address>
         <size>0x1e</size>
         <input_file_ref idref="fl-21"/>
      </object_component>
      <object_component id="oc-5d6">
         <name>.text:cc_UDMAChannelSelect</name>
         <load_address>0x2000f5ee</load_address>
         <run_address>0x2000f5ee</run_address>
         <size>0x1e</size>
         <input_file_ref idref="fl-19"/>
      </object_component>
      <object_component id="oc-4a1">
         <name>.text:PinTypeI2C</name>
         <load_address>0x2000f60c</load_address>
         <run_address>0x2000f60c</run_address>
         <size>0x1c</size>
         <input_file_ref idref="fl-1d"/>
      </object_component>
      <object_component id="oc-91d">
         <name>.text:TimerValueGet</name>
         <load_address>0x2000f628</load_address>
         <run_address>0x2000f628</run_address>
         <size>0x1c</size>
         <input_file_ref idref="fl-20"/>
      </object_component>
      <object_component id="oc-2e8">
         <name>.text:UARTCharGetNonBlocking</name>
         <load_address>0x2000f644</load_address>
         <run_address>0x2000f644</run_address>
         <size>0x1c</size>
         <input_file_ref idref="fl-21"/>
      </object_component>
      <object_component id="oc-79e">
         <name>.text:_SlDrvStartMeasureTimeout</name>
         <load_address>0x2000f660</load_address>
         <run_address>0x2000f660</run_address>
         <size>0x1c</size>
         <input_file_ref idref="fl-13"/>
      </object_component>
      <object_component id="oc-46">
         <name>.text:decompress:ZI:__TI_zero_init_nomemset:__TI_zero_init_nomemset</name>
         <load_address>0x2000f67c</load_address>
         <run_address>0x2000f67c</run_address>
         <size>0x1c</size>
         <input_file_ref idref="fl-e4"/>
      </object_component>
      <object_component id="oc-59b">
         <name>.text:free_list_remove</name>
         <load_address>0x2000f698</load_address>
         <run_address>0x2000f698</run_address>
         <size>0x1c</size>
         <input_file_ref idref="fl-e8"/>
      </object_component>
      <object_component id="oc-72a">
         <name>.text:memccpy</name>
         <load_address>0x2000f6b4</load_address>
         <run_address>0x2000f6b4</run_address>
         <size>0x1c</size>
         <input_file_ref idref="fl-fc"/>
      </object_component>
      <object_component id="oc-9ea">
         <name>.text:uDMAChannelEnable</name>
         <load_address>0x2000f6d0</load_address>
         <run_address>0x2000f6d0</run_address>
         <size>0x1c</size>
         <input_file_ref idref="fl-22"/>
      </object_component>
      <object_component id="oc-436">
         <name>.text:GPIOIntEnable</name>
         <load_address>0x2000f6ec</load_address>
         <run_address>0x2000f6ec</run_address>
         <size>0x1a</size>
         <input_file_ref idref="fl-1a"/>
      </object_component>
      <object_component id="oc-4a7">
         <name>.text:PinTypeSPI</name>
         <load_address>0x2000f706</load_address>
         <run_address>0x2000f706</run_address>
         <size>0x1a</size>
         <input_file_ref idref="fl-1d"/>
      </object_component>
      <object_component id="oc-4ad">
         <name>.text:PinTypeUART</name>
         <load_address>0x2000f720</load_address>
         <run_address>0x2000f720</run_address>
         <size>0x1a</size>
         <input_file_ref idref="fl-1d"/>
      </object_component>
      <object_component id="oc-68c">
         <name>.text:SPIDmaDisable</name>
         <load_address>0x2000f73a</load_address>
         <run_address>0x2000f73a</run_address>
         <size>0x1a</size>
         <input_file_ref idref="fl-1f"/>
      </object_component>
      <object_component id="oc-5dc">
         <name>.text:SPIDmaEnable</name>
         <load_address>0x2000f754</load_address>
         <run_address>0x2000f754</run_address>
         <size>0x1a</size>
         <input_file_ref idref="fl-1f"/>
      </object_component>
      <object_component id="oc-686">
         <name>.text:SPIFIFODisable</name>
         <load_address>0x2000f76e</load_address>
         <run_address>0x2000f76e</run_address>
         <size>0x1a</size>
         <input_file_ref idref="fl-1f"/>
      </object_component>
      <object_component id="oc-1b6">
         <name>.text:SPIFIFOEnable</name>
         <load_address>0x2000f788</load_address>
         <run_address>0x2000f788</run_address>
         <size>0x1a</size>
         <input_file_ref idref="fl-1f"/>
      </object_component>
      <object_component id="oc-680">
         <name>.text:SPIIntUnregister</name>
         <load_address>0x2000f7a2</load_address>
         <run_address>0x2000f7a2</run_address>
         <size>0x1a</size>
         <input_file_ref idref="fl-1f"/>
      </object_component>
      <object_component id="oc-8f8">
         <name>.text:copysign</name>
         <load_address>0x2000f7bc</load_address>
         <run_address>0x2000f7bc</run_address>
         <size>0x1a</size>
         <input_file_ref idref="fl-103"/>
      </object_component>
      <object_component id="oc-1cf">
         <name>.text:GPIOPinRead</name>
         <load_address>0x2000f7d6</load_address>
         <run_address>0x2000f7d6</run_address>
         <size>0x18</size>
         <input_file_ref idref="fl-1a"/>
      </object_component>
      <object_component id="oc-2b7">
         <name>.text:I2CMasterIntEnableEx</name>
         <load_address>0x2000f7ee</load_address>
         <run_address>0x2000f7ee</run_address>
         <size>0x18</size>
         <input_file_ref idref="fl-1b"/>
      </object_component>
      <object_component id="oc-4d1">
         <name>.text:SPICSDisable</name>
         <load_address>0x2000f806</load_address>
         <run_address>0x2000f806</run_address>
         <size>0x18</size>
         <input_file_ref idref="fl-1f"/>
      </object_component>
      <object_component id="oc-4bf">
         <name>.text:SPICSEnable</name>
         <load_address>0x2000f81e</load_address>
         <run_address>0x2000f81e</run_address>
         <size>0x18</size>
         <input_file_ref idref="fl-1f"/>
      </object_component>
      <object_component id="oc-5ca">
         <name>.text:SPIDisable</name>
         <load_address>0x2000f836</load_address>
         <run_address>0x2000f836</run_address>
         <size>0x18</size>
         <input_file_ref idref="fl-1f"/>
      </object_component>
      <object_component id="oc-1b0">
         <name>.text:SPIEnable</name>
         <load_address>0x2000f84e</load_address>
         <run_address>0x2000f84e</run_address>
         <size>0x18</size>
         <input_file_ref idref="fl-1f"/>
      </object_component>
      <object_component id="oc-2e2">
         <name>.text:UARTCharsAvail</name>
         <load_address>0x2000f866</load_address>
         <run_address>0x2000f866</run_address>
         <size>0x18</size>
         <input_file_ref idref="fl-21"/>
      </object_component>
      <object_component id="oc-5b9">
         <name>.text:_SlNonOsSemSet</name>
         <load_address>0x2000f87e</load_address>
         <run_address>0x2000f87e</run_address>
         <size>0x18</size>
         <input_file_ref idref="fl-16"/>
      </object_component>
      <object_component id="oc-57e">
         <name>.text:_outc</name>
         <load_address>0x2000f896</load_address>
         <run_address>0x2000f896</run_address>
         <size>0x18</size>
         <input_file_ref idref="fl-dc"/>
      </object_component>
      <object_component id="oc-4f4">
         <name>.text:_outs</name>
         <load_address>0x2000f8ae</load_address>
         <run_address>0x2000f8ae</run_address>
         <size>0x18</size>
         <input_file_ref idref="fl-db"/>
      </object_component>
      <object_component id="oc-369">
         <name>.text:_sl_GetStartResponseConvert</name>
         <load_address>0x2000f8c8</load_address>
         <run_address>0x2000f8c8</run_address>
         <size>0x18</size>
         <input_file_ref idref="fl-12"/>
      </object_component>
      <object_component id="oc-2a5">
         <name>.text:I2CMasterDataPut</name>
         <load_address>0x2000f8e0</load_address>
         <run_address>0x2000f8e0</run_address>
         <size>0x16</size>
         <input_file_ref idref="fl-1b"/>
      </object_component>
      <object_component id="oc-2b1">
         <name>.text:I2CMasterEnable</name>
         <load_address>0x2000f8f6</load_address>
         <run_address>0x2000f8f6</run_address>
         <size>0x16</size>
         <input_file_ref idref="fl-1b"/>
      </object_component>
      <object_component id="oc-405">
         <name>.text:PRCMHIBRegRead</name>
         <load_address>0x2000f90c</load_address>
         <run_address>0x2000f90c</run_address>
         <size>0x16</size>
         <input_file_ref idref="fl-1e"/>
      </object_component>
      <object_component id="oc-40b">
         <name>.text:PRCMHIBRegWrite</name>
         <load_address>0x2000f922</load_address>
[...]
      </symbol>
      <symbol id="sm-e5d">
         <name>PinTypeUART</name>
         <value>0x2000f721</value>
         <object_component_ref idref="oc-4ad"/>
      </symbol>
      <symbol id="sm-e5e">
         <name>PinTypeGPIO</name>
         <value>0x2000f059</value>
         <object_component_ref idref="oc-495"/>
      </symbol>
      <symbol id="sm-e5f">
         <name>PinConfigSet</name>
         <value>0x2000d71d</value>
         <object_component_ref idref="oc-6e3"/>
      </symbol>
      <symbol id="sm-e60">
         <name>PinTypeSPI</name>
         <value>0x2000f707</value>
         <object_component_ref idref="oc-4a7"/>
      </symbol>
      <symbol id="sm-e61">
         <name>PinModeSet</name>
         <value>0x2000eb79</value>
         <object_component_ref idref="oc-48f"/>
      </symbol>
      <symbol id="sm-ef4">
         <name>PRCMPeripheralReset</name>
         <value>0x2000e411</value>
         <object_component_ref idref="oc-192"/>
      </symbol>
      <symbol id="sm-ef5">
         <name>PRCMPeripheralClkEnable</name>
         <value>0x2000edf1</value>
         <object_component_ref idref="oc-198"/>
      </symbol>
      <symbol id="sm-ef6">
         <name>PRCMPeripheralClockGet</name>
         <value>0x2000d21d</value>
         <object_component_ref idref="oc-1a4"/>
      </symbol>
      <symbol id="sm-ef7">
         <name>PRCMCC3200MCUInit</name>
         <value>0x2000a801</value>
         <object_component_ref idref="oc-142"/>
      </symbol>
      <symbol id="sm-ef8">
         <name>PRCMHIBRegWrite</name>
         <value>0x2000f923</value>
         <object_component_ref idref="oc-40b"/>
      </symbol>
      <symbol id="sm-ef9">
         <name>PRCMSysResetCauseGet</name>
         <value>0x2000f145</value>
         <object_component_ref idref="oc-3ff"/>
      </symbol>
      <symbol id="sm-efa">
         <name>PRCMPeripheralStatusGet</name>
         <value>0x2000efbd</value>
         <object_component_ref idref="oc-5d0"/>
      </symbol>
      <symbol id="sm-efb">
         <name>PRCMPeripheralClkDisable</name>
         <value>0x2000f249</value>
         <object_component_ref idref="oc-2c3"/>
      </symbol>
      <symbol id="sm-efc">
         <name>PRCMHIBRegRead</name>
         <value>0x2000f90d</value>
         <object_component_ref idref="oc-405"/>
      </symbol>
      <symbol id="sm-fc9">
         <name>SPIFIFODisable</name>
         <value>0x2000f76f</value>
         <object_component_ref idref="oc-686"/>
      </symbol>
      <symbol id="sm-fca">
         <name>SPICSEnable</name>
         <value>0x2000f81f</value>
         <object_component_ref idref="oc-4bf"/>
      </symbol>
      <symbol id="sm-fcb">
         <name>SPIDisable</name>
         <value>0x2000f837</value>
         <object_component_ref idref="oc-5ca"/>
      </symbol>
      <symbol id="sm-fcc">
         <name>SPIFIFOEnable</name>
         <value>0x2000f789</value>
         <object_component_ref idref="oc-1b6"/>
      </symbol>
      <symbol id="sm-fcd">
         <name>SPIWordCountSet</name>
         <value>0x2000f455</value>
         <object_component_ref idref="oc-8cc"/>
      </symbol>
      <symbol id="sm-fce">
         <name>SPIDataPut</name>
         <value>0x2000f595</value>
         <object_component_ref idref="oc-4c5"/>
      </symbol>
      <symbol id="sm-fcf">
         <name>SPIEnable</name>
         <value>0x2000f84f</value>
         <object_component_ref idref="oc-1b0"/>
      </symbol>
      <symbol id="sm-fd0">
         <name>SPIDataGet</name>
         <value>0x2000f4d9</value>
         <object_component_ref idref="oc-4cb"/>
      </symbol>
      <symbol id="sm-fd1">
         <name>SPIDmaEnable</name>
         <value>0x2000f755</value>
         <object_component_ref idref="oc-5dc"/>
      </symbol>
      <symbol id="sm-fd2">
         <name>SPIConfigSetExpClk</name>
         <value>0x2000cc15</value>
         <object_component_ref idref="oc-1aa"/>
      </symbol>
      <symbol id="sm-fd3">
         <name>SPIIntUnregister</name>
         <value>0x2000f7a3</value>
         <object_component_ref idref="oc-680"/>
      </symbol>
      <symbol id="sm-fd4">
         <name>SPIFIFOLevelSet</name>
         <value>0x2000eff1</value>
         <object_component_ref idref="oc-5e2"/>
      </symbol>
      <symbol id="sm-fd5">
         <name>SPIDmaDisable</name>
         <value>0x2000f73b</value>
         <object_component_ref idref="oc-68c"/>
      </symbol>
      <symbol id="sm-fd6">
         <name>SPIReset</name>
         <value>0x2000f433</value>
         <object_component_ref idref="oc-19e"/>
      </symbol>
      <symbol id="sm-fd7">
         <name>SPIIntEnable</name>
         <value>0x2000e6b5</value>
         <object_component_ref idref="oc-5ee"/>
      </symbol>
      <symbol id="sm-fd8">
         <name>SPIIntClear</name>
         <value>0x2000e8c5</value>
         <object_component_ref idref="oc-7d2"/>
      </symbol>
      <symbol id="sm-fd9">
         <name>SPICSDisable</name>
         <value>0x2000f807</value>
         <object_component_ref idref="oc-4d1"/>
      </symbol>
      <symbol id="sm-100c">
         <name>TimerLoadSet</name>
         <value>0x2000f1c9</value>
         <object_component_ref idref="oc-976"/>
      </symbol>
      <symbol id="sm-100d">
         <name>TimerEnable</name>
         <value>0x2000f5b3</value>
         <object_component_ref idref="oc-97c"/>
      </symbol>
      <symbol id="sm-100e">
         <name>TimerValueGet</name>
         <value>0x2000f629</value>
         <object_component_ref idref="oc-91d"/>
      </symbol>
      <symbol id="sm-100f">
         <name>TimerPrescaleSet</name>
         <value>0x2000f1f3</value>
         <object_component_ref idref="oc-970"/>
      </symbol>
      <symbol id="sm-1010">
         <name>TimerConfigure</name>
         <value>0x2000e9e1</value>
         <object_component_ref idref="oc-96a"/>
      </symbol>
      <symbol id="sm-104c">
         <name>UARTConfigSetExpClk</name>
         <value>0x2000dd35</value>
         <object_component_ref idref="oc-2d0"/>
      </symbol>
      <symbol id="sm-104d">
         <name>UARTDisable</name>
         <value>0x2000f089</value>
         <object_component_ref idref="oc-56a"/>
      </symbol>
      <symbol id="sm-104e">
         <name>UARTCharsAvail</name>
         <value>0x2000f867</value>
         <object_component_ref idref="oc-2e2"/>
      </symbol>
      <symbol id="sm-104f">
         <name>UARTCharGetNonBlocking</name>
         <value>0x2000f645</value>
         <object_component_ref idref="oc-2e8"/>
      </symbol>
      <symbol id="sm-1050">
         <name>UARTCharPut</name>
         <value>0x2000f5d1</value>
         <object_component_ref idref="oc-2d6"/>
      </symbol>
      <symbol id="sm-1051">
         <name>UARTEnable</name>
         <value>0x2000f3a5</value>
         <object_component_ref idref="oc-570"/>
      </symbol>
      <symbol id="sm-10a8">
         <name>uDMAChannelControlSet</name>
         <value>0x2000eea5</value>
         <object_component_ref idref="oc-9d8"/>
      </symbol>
      <symbol id="sm-10a9">
         <name>uDMAChannelAttributeEnable</name>
         <value>0x2000e235</value>
         <object_component_ref idref="oc-9de"/>
      </symbol>
      <symbol id="sm-10aa">
         <name>uDMAChannelTransferSet</name>
         <value>0x2000bf55</value>
         <object_component_ref idref="oc-9e4"/>
      </symbol>
      <symbol id="sm-10ab">
         <name>uDMAChannelAssign</name>
         <value>0x2000e831</value>
         <object_component_ref idref="oc-7b2"/>
      </symbol>
      <symbol id="sm-10ac">
         <name>uDMAChannelAttributeDisable</name>
         <value>0x2000e1d1</value>
         <object_component_ref idref="oc-7b8"/>
      </symbol>
      <symbol id="sm-10ad">
         <name>uDMAChannelEnable</name>
         <value>0x2000f6d1</value>
         <object_component_ref idref="oc-9ea"/>
      </symbol>
      <symbol id="sm-10b1">
         <name>UtilsDelay</name>
         <value>0x2000fa95</value>
         <object_component_ref idref="oc-15a"/>
      </symbol>
      <symbol id="sm-10bb">
         <name>CPUcpsie</name>
         <value>0x2000f965</value>
         <object_component_ref idref="oc-3f4"/>
      </symbol>
      <symbol id="sm-10e3">
         <name>sprintf</name>
         <value>0x2000ec79</value>
         <object_component_ref idref="oc-1fa"/>
      </symbol>
      <symbol id="sm-110d">
         <name>vsnprintf</name>
         <value>0x2000ecf9</value>
         <object_component_ref idref="oc-2dc"/>
      </symbol>
      <symbol id="sm-112f">
         <name>__aeabi_cdcmpeq</name>
         <value>0x2000d7a5</value>
         <object_component_ref idref="oc-1df"/>
      </symbol>
      <symbol id="sm-1130">
         <name>__aeabi_cdcmple</name>
         <value>0x2000d7a5</value>
         <object_component_ref idref="oc-1df"/>
      </symbol>
      <symbol id="sm-1131">
         <name>__aeabi_cdrcmple</name>
         <value>0x2000d82b</value>
         <object_component_ref idref="oc-1ef"/>
      </symbol>
      <symbol id="sm-1145">
         <name>__aeabi_ddiv</name>
         <value>0x2000b28d</value>
         <object_component_ref idref="oc-1da"/>
      </symbol>
      <symbol id="sm-114f">
         <name>__aeabi_d2iz</name>
         <value>0x2000e955</value>
         <object_component_ref idref="oc-1ea"/>
      </symbol>
      <symbol id="sm-1159">
         <name>__aeabi_i2d</name>
         <value>0x2000f0e9</value>
         <object_component_ref idref="oc-1d5"/>
      </symbol>
      <symbol id="sm-1174">
         <name>memcpy</name>
         <value>0x2000cd55</value>
         <object_component_ref idref="oc-3a"/>
      </symbol>
      <symbol id="sm-1175">
         <name>__aeabi_memcpy</name>
         <value>0x2000cd55</value>
         <object_component_ref idref="oc-3a"/>
      </symbol>
      <symbol id="sm-1176">
         <name>__aeabi_memcpy8</name>
         <value>0x2000cd55</value>
         <object_component_ref idref="oc-3a"/>
      </symbol>
      <symbol id="sm-1177">
         <name>__aeabi_memcpy4</name>
         <value>0x2000cd55</value>
         <object_component_ref idref="oc-3a"/>
      </symbol>
      <symbol id="sm-1184">
         <name>__aeabi_uldivmod</name>
         <value>0x2000d185</value>
         <object_component_ref idref="oc-824"/>
      </symbol>
      <symbol id="sm-1193">
         <name>__aeabi_memset</name>
         <value>0x2000dc43</value>
         <object_component_ref idref="oc-88"/>
      </symbol>
      <symbol id="sm-1194">
         <name>memset</name>
         <value>0x2000dc49</value>
         <object_component_ref idref="oc-88"/>
      </symbol>
      <symbol id="sm-1195">
         <name>__aeabi_memset8</name>
         <value>0x2000dc43</value>
         <object_component_ref idref="oc-88"/>
      </symbol>
      <symbol id="sm-1196">
         <name>__aeabi_memset4</name>
         <value>0x2000dc43</value>
         <object_component_ref idref="oc-88"/>
      </symbol>
      <symbol id="sm-1197">
         <name>__aeabi_memclr8</name>
         <value>0x2000dc41</value>
         <object_component_ref idref="oc-88"/>
      </symbol>
      <symbol id="sm-1198">
         <name>__aeabi_memclr4</name>
         <value>0x2000dc41</value>
         <object_component_ref idref="oc-88"/>
      </symbol>
      <symbol id="sm-1199">
         <name>__aeabi_memclr</name>
         <value>0x2000dc41</value>
         <object_component_ref idref="oc-88"/>
      </symbol>
      <symbol id="sm-11ad">
         <name>__TI_zero_init_nomemset</name>
         <value>0x2000f67d</value>
         <object_component_ref idref="oc-46"/>
      </symbol>
      <symbol id="sm-11c4">
         <name>__TI_decompress_none</name>
         <value>0x2000fa3d</value>
         <object_component_ref idref="oc-18"/>
      </symbol>
      <symbol id="sm-11e7">
         <name>__TI_decompress_lzss</name>
         <value>0x2000dfd9</value>
         <object_component_ref idref="oc-12"/>
      </symbol>
      <symbol id="sm-11f7">
         <name>memmove</name>
         <value>0x2000f3c9</value>
         <object_component_ref idref="oc-2ee"/>
      </symbol>
      <symbol id="sm-1295">
         <name>_sys_memory</name>
         <value>0x20017000</value>
         <object_component_ref idref="oc-20"/>
      </symbol>
      <symbol id="sm-1296">
         <name>free</name>
         <value>0x2000c2fd</value>
         <object_component_ref idref="oc-300"/>
      </symbol>
      <symbol id="sm-1297">
         <name>realloc</name>
         <value>0x2000c215</value>
         <object_component_ref idref="oc-2fa"/>
      </symbol>
      <symbol id="sm-1298">
         <name>memalign</name>
         <value>0x2000b74d</value>
         <object_component_ref idref="oc-594"/>
      </symbol>
      <symbol id="sm-1299">
         <name>malloc</name>
         <value>0x2000fa8d</value>
         <object_component_ref idref="oc-2f4"/>
      </symbol>
      <symbol id="sm-129a">
         <name>aligned_alloc</name>
         <value>0x2000b74d</value>
         <object_component_ref idref="oc-594"/>
      </symbol>
      <symbol id="sm-12a8">
         <name>strcpy</name>
         <value>0x2000f9a1</value>
         <object_component_ref idref="oc-1f4"/>
      </symbol>
      <symbol id="sm-12b6">
         <name>strlen</name>
         <value>0x2000f9b5</value>
         <object_component_ref idref="oc-148"/>
      </symbol>
      <symbol id="sm-12ce">
         <name>strtok</name>
         <value>0x2000ecb9</value>
         <object_component_ref idref="oc-c2"/>
      </symbol>
      <symbol id="sm-12ee">
         <name>strtoul</name>
         <value>0x2000b975</value>
         <object_component_ref idref="oc-c8"/>
      </symbol>
      <symbol id="sm-1301">
         <name>__stack</name>
         <value>0x2002f000</value>
         <object_component_ref idref="oc-23"/>
      </symbol>
      <symbol id="sm-1302">
         <name>_c_int00_noargs</name>
         <value>0x2000f025</value>
         <object_component_ref idref="oc-58"/>
      </symbol>
      <symbol id="sm-1318">
         <name>__aeabi_errno_addr</name>
         <value>0x2000fa85</value>
         <object_component_ref idref="oc-276"/>
      </symbol>
      <symbol id="sm-1319">
         <name>errno</name>
         <value>0x2001f2cc</value>
         <object_component_ref idref="oc-548"/>
      </symbol>
      <symbol id="sm-147e">
         <name>__TI_printfi</name>
         <value>0x200070b5</value>
         <object_component_ref idref="oc-4ee"/>
      </symbol>
      <symbol id="sm-1488">
         <name>__aeabi_idiv0</name>
         <value>0x2000a193</value>
         <object_component_ref idref="oc-8e3"/>
      </symbol>
      <symbol id="sm-1489">
         <name>__aeabi_ldiv0</name>
         <value>0x2000a193</value>
         <object_component_ref idref="oc-8e3"/>
      </symbol>
      <symbol id="sm-14a0">
         <name>__aeabi_dsub</name>
         <value>0x20009fdd</value>
         <object_component_ref idref="oc-835"/>
      </symbol>
      <symbol id="sm-14a1">
         <name>__aeabi_dadd</name>
         <value>0x20009fe7</value>
         <object_component_ref idref="oc-835"/>
      </symbol>
      <symbol id="sm-14ac">
         <name>__aeabi_dmul</name>
         <value>0x2000bb89</value>
         <object_component_ref idref="oc-82a"/>
      </symbol>
      <symbol id="sm-14d4">
         <name>__TI_auto_init_nobinit_nopinit</name>
         <value>0x2000eaad</value>
         <object_component_ref idref="oc-233"/>
      </symbol>
      <symbol id="sm-14de">
         <name>_system_pre_init</name>
         <value>0x2000fa9b</value>
         <object_component_ref idref="oc-8e"/>
      </symbol>
      <symbol id="sm-14ea">
         <name>C$$EXIT</name>
         <value>0x2000fa9f</value>
         <object_component_ref idref="oc-227"/>
      </symbol>
      <symbol id="sm-14eb">
         <name>abort</name>
         <value>0x2000fa9f</value>
         <object_component_ref idref="oc-227"/>
      </symbol>
      <symbol id="sm-1500">
         <name>_nop</name>
         <value>0x20008a53</value>
         <object_component_ref idref="oc-760"/>
      </symbol>
      <symbol id="sm-1501">
         <name>_lock</name>
         <value>0x2001f2bc</value>
         <object_component_ref idref="oc-524"/>
      </symbol>
      <symbol id="sm-1502">
         <name>_unlock</name>
         <value>0x2001f2c0</value>
         <object_component_ref idref="oc-524"/>
      </symbol>
      <symbol id="sm-1519">
         <name>atoi</name>
         <value>0x2000e7e5</value>
         <object_component_ref idref="oc-706"/>
      </symbol>
      <symbol id="sm-1524">
         <name>_ctypes_</name>
         <value>0x2000ff9f</value>
         <object_component_ref idref="oc-27c"/>
      </symbol>
      <symbol id="sm-1533">
         <name>ltoa</name>
         <value>0x2000e5bd</value>
         <object_component_ref idref="oc-82f"/>
      </symbol>
      <symbol id="sm-1543">
         <name>memccpy</name>
         <value>0x2000f6b5</value>
         <object_component_ref idref="oc-72a"/>
      </symbol>
      <symbol id="sm-1553">
         <name>strchr</name>
         <value>0x2000f94f</value>
         <object_component_ref idref="oc-861"/>
      </symbol>
      <symbol id="sm-1564">
         <name>strcspn</name>
         <value>0x2000f3ed</value>
         <object_component_ref idref="oc-26b"/>
      </symbol>
      <symbol id="sm-1576">
         <name>strspn</name>
         <value>0x2000f21d</value>
         <object_component_ref idref="oc-265"/>
      </symbol>
      <symbol id="sm-158f">
         <name>wcslen</name>
         <value>0x2000f9ff</value>
         <object_component_ref idref="oc-730"/>
      </symbol>
      <symbol id="sm-15af">
         <name>frexpl</name>
         <value>0x2000e109</value>
         <object_component_ref idref="oc-855"/>
      </symbol>
      <symbol id="sm-15b0">
         <name>frexp</name>
         <value>0x2000e109</value>
         <object_component_ref idref="oc-855"/>
      </symbol>
      <symbol id="sm-15cd">
         <name>scalbn</name>
         <value>0x2000b865</value>
         <object_component_ref idref="oc-85b"/>
      </symbol>
      <symbol id="sm-15ce">
         <name>scalbnl</name>
         <value>0x2000b865</value>
         <object_component_ref idref="oc-85b"/>
      </symbol>
      <symbol id="sm-15cf">
         <name>ldexpl</name>
         <value>0x2000b865</value>
         <object_component_ref idref="oc-85b"/>
      </symbol>
      <symbol id="sm-15d0">
         <name>ldexp</name>
         <value>0x2000b865</value>
         <object_component_ref idref="oc-85b"/>
      </symbol>
      <symbol id="sm-15da">
         <name>copysign</name>
         <value>0x2000f7bd</value>
         <object_component_ref idref="oc-8f8"/>
      </symbol>
      <symbol id="sm-15db">
         <name>copysignl</name>
         <value>0x2000f7bd</value>
         <object_component_ref idref="oc-8f8"/>
      </symbol>
      <symbol id="sm-15dc">
         <name>__TI_static_base__</name>
         <value>0x200105c8</value>
      </symbol>
      <symbol id="sm-15df">
         <name>__mpu_init</name>
         <value>0x0</value>
      </symbol>
      <symbol id="sm-15e0">
         <name>_system_post_cinit</name>
         <value>0x0</value>
      </symbol>
   </symbol_table>
   <title>Link successful</title>
</link_info>
